run 37873486282 attempt 1 event push sha 36715bf930c1de132fd8bb24ff871c2bbda21ef6 started 2026-10-09T02:12:58Z
secrets present
Filesystem      Size  Used Avail Use% Mounted on
/dev/root       145G   41G  104G  29% /
hub pass1: failure
ls: cannot access '/opt/unityhub': No such file or directory
-rwxrwxrwx 1 root root 1272 Oct  2 20:00 /usr/lib/unityhub/unityhub
-rwxrwxrwx 1 root root 1272 Oct  2 20:00 /opt/unityhub/unityhub
editor: /home/runner/Unity/Hub/Editor/2022.3.62f3/Editor/Unity
unity exit code: 0
src/unity/lambo-blast/build/WebGL:
total 24
drwxr-xr-x 4 runner runner 4096 Oct  9 02:17 .
drwxr-xr-x 3 runner runner 4096 Oct  9 02:17 ..
drwxr-xr-x 2 runner runner 4096 Oct  9 02:19 Build
drwxr-xr-x 2 runner runner 4096 Oct  9 02:17 TemplateData
-rw-r--r-- 1 runner runner 5381 Oct  9 02:17 index.html

src/unity/lambo-blast/build/WebGL/Build:
total 34628
drwxr-xr-x 2 runner runner     4096 Oct  9 02:19 .
drwxr-xr-x 4 runner runner     4096 Oct  9 02:17 ..
-rw-r--r-- 1 runner runner  5020395 Oct  9 02:17 WebGL.data
-rw-r--r-- 1 runner runner   415386 Oct  9 02:19 WebGL.framework.js
-rw-r--r-- 1 runner runner    20680 Oct  9 02:17 WebGL.loader.js
-rwxr-xr-x 1 runner runner 29983551 Oct  9 02:19 WebGL.wasm
published
=== step outcomes: secrets=success setup=success activate=success build=success publish=success
=== /home/runner/.config/unity3d/upm.log (tail 60)
[2026-10-09T02:16:53.657Z][INFO] Command-line: /home/runner/Unity/Hub/Editor/2022.3.62f3/Editor/Data/Resources/PackageManager/Server/UnityPackageManager -s 5455 -ipc -ipc-path /tmp/Unity-Upm-5455.sock -l 2
[2026-10-09T02:16:53.674Z][INFO] IPC server started (IPC path=/tmp/Unity-Upm-5455.sock).
[2026-10-09T02:16:53.674Z][INFO] Hint: To connect to this UPM instance, launch Unity with the command-line parameter -upmIpcPath Upm-5455.
[2026-10-09T02:16:53.837Z][INFO] project:resolve-packages <-- Request received
params: {}
[2026-10-09T02:16:54.000Z][INFO] Downloading package [com.unity.package-manager.metadata-2022.3@0.0.223] from registry 'https://packages.unity.com'
[2026-10-09T02:16:54.348Z][INFO] Finished downloading package [com.unity.package-manager.metadata-2022.3@0.0.223] from registry 'https://packages.unity.com' (11075 bytes in 347 ms)
[2026-10-09T02:16:54.840Z][INFO] Downloading package [com.unity.inputsystem@1.11.2] from registry 'https://packages.unity.com'
[2026-10-09T02:16:55.243Z][INFO] Finished downloading package [com.unity.inputsystem@1.11.2] from registry 'https://packages.unity.com' (9207415 bytes in 403 ms)
[2026-10-09T02:16:56.315Z][INFO] project:resolve-packages --> 200 (2478 ms)
[2026-10-09T02:19:22.248Z][INFO] Received shutdown request (SIGINT), shutting down Unity Package Manager
=== /home/runner/.config/unity3d/Unity/Unity.Entitlements.Audit.log (tail 60)
2026-10-09 02:15:25.497 User Agent: [Hub 3.22.2], Protocol version: [1.18.3], Session Id: [5c98feb83a1845d3bc8041f74d27a6d8], Licensed Package: False, Entitlement requested: [com.unity.editor.access.xlts], Result: [granted: False, group: (null)]
2026-10-09 02:15:25.497 User Agent: [Hub 3.22.2], Protocol version: [1.18.3], Session Id: [5c98feb83a1845d3bc8041f74d27a6d8], Licensed Package: False, Entitlement requested: [com.unity.editor.access.u7-alpha], Result: [granted: False, group: (null)]
2026-10-09 02:15:25.508 User Agent: [Hub 3.22.2], Protocol version: [1.18.3], Session Id: [5c98feb83a1845d3bc8041f74d27a6d8], Licensed Package: False, Entitlement requested: [com.unity.editor.ui], Result: [granted: False, group: (null)]
2026-10-09 02:15:25.546 User Agent: [Hub 3.22.2], Protocol version: [1.18.3], Session Id: [5c98feb83a1845d3bc8041f74d27a6d8], Licensed Package: False, Entitlement requested: [com.unity.editor.access.xlts], Result: [granted: False, group: (null)]
2026-10-09 02:15:25.546 User Agent: [Hub 3.22.2], Protocol version: [1.18.3], Session Id: [5c98feb83a1845d3bc8041f74d27a6d8], Licensed Package: False, Entitlement requested: [com.unity.editor.access.u7-alpha], Result: [granted: False, group: (null)]
2026-10-09 02:15:25.555 User Agent: [Hub 3.22.2], Protocol version: [1.18.3], Session Id: [5c98feb83a1845d3bc8041f74d27a6d8], Licensed Package: False, Entitlement requested: [com.unity.editor.ui], Result: [granted: False, group: (null)]
2026-10-09 02:15:25.565 User Agent: [Hub 3.22.2], Protocol version: [1.18.3], Session Id: [5c98feb83a1845d3bc8041f74d27a6d8], Licensed Package: False, Entitlement requested: [com.unity.editor.access.xlts], Result: [granted: False, group: (null)]
2026-10-09 02:15:25.565 User Agent: [Hub 3.22.2], Protocol version: [1.18.3], Session Id: [5c98feb83a1845d3bc8041f74d27a6d8], Licensed Package: False, Entitlement requested: [com.unity.editor.access.u7-alpha], Result: [granted: False, group: (null)]
2026-10-09 02:16:40.229 User Agent: [Hub 3.22.2], Protocol version: [1.18.3], Session Id: [91c0ba0be5524ca898d3845f5a9abcad], Licensed Package: False, Entitlement requested: [com.unity.editor.access.xlts], Result: [granted: False, group: (null)]
2026-10-09 02:16:40.230 User Agent: [Hub 3.22.2], Protocol version: [1.18.3], Session Id: [91c0ba0be5524ca898d3845f5a9abcad], Licensed Package: False, Entitlement requested: [com.unity.editor.access.u7-alpha], Result: [granted: False, group: (null)]
2026-10-09 02:16:40.299 User Agent: [Hub 3.22.2], Protocol version: [1.18.3], Session Id: [91c0ba0be5524ca898d3845f5a9abcad], Licensed Package: False, Entitlement requested: [com.unity.editor.ui], Result: [granted: False, group: (null)]
2026-10-09 02:16:40.304 User Agent: [Hub 3.22.2], Protocol version: [1.18.3], Session Id: [91c0ba0be5524ca898d3845f5a9abcad], Licensed Package: False, Entitlement requested: [com.unity.editor.access.xlts], Result: [granted: False, group: (null)]
2026-10-09 02:16:40.304 User Agent: [Hub 3.22.2], Protocol version: [1.18.3], Session Id: [91c0ba0be5524ca898d3845f5a9abcad], Licensed Package: False, Entitlement requested: [com.unity.editor.access.u7-alpha], Result: [granted: False, group: (null)]
2026-10-09 02:16:40.356 User Agent: [Hub 3.22.2], Protocol version: [1.18.3], Session Id: [91c0ba0be5524ca898d3845f5a9abcad], Licensed Package: False, Entitlement requested: [com.unity.editor.ui], Result: [granted: False, group: (null)]
2026-10-09 02:16:40.358 User Agent: [Hub 3.22.2], Protocol version: [1.18.3], Session Id: [91c0ba0be5524ca898d3845f5a9abcad], Licensed Package: False, Entitlement requested: [com.unity.editor.access.xlts], Result: [granted: False, group: (null)]
2026-10-09 02:16:40.358 User Agent: [Hub 3.22.2], Protocol version: [1.18.3], Session Id: [91c0ba0be5524ca898d3845f5a9abcad], Licensed Package: False, Entitlement requested: [com.unity.editor.access.u7-alpha], Result: [granted: False, group: (null)]
2026-10-09 02:16:43.863 User Agent: [Hub 3.22.2], Protocol version: [1.18.3], Session Id: [d7d47190fb444edeac74a5516cc89da5], Licensed Package: False, Entitlement requested: [com.unity.editor.access.xlts], Result: [granted: False, group: (null)]
2026-10-09 02:16:43.864 User Agent: [Hub 3.22.2], Protocol version: [1.18.3], Session Id: [d7d47190fb444edeac74a5516cc89da5], Licensed Package: False, Entitlement requested: [com.unity.editor.access.u7-alpha], Result: [granted: False, group: (null)]
2026-10-09 02:16:43.900 User Agent: [Hub 3.22.2], Protocol version: [1.18.3], Session Id: [d7d47190fb444edeac74a5516cc89da5], Licensed Package: False, Entitlement requested: [com.unity.editor.ui], Result: [granted: False, group: (null)]
2026-10-09 02:16:43.905 User Agent: [Hub 3.22.2], Protocol version: [1.18.3], Session Id: [d7d47190fb444edeac74a5516cc89da5], Licensed Package: False, Entitlement requested: [com.unity.editor.access.xlts], Result: [granted: False, group: (null)]
2026-10-09 02:16:43.905 User Agent: [Hub 3.22.2], Protocol version: [1.18.3], Session Id: [d7d47190fb444edeac74a5516cc89da5], Licensed Package: False, Entitlement requested: [com.unity.editor.access.u7-alpha], Result: [granted: False, group: (null)]
2026-10-09 02:16:43.922 User Agent: [Hub 3.22.2], Protocol version: [1.18.3], Session Id: [d7d47190fb444edeac74a5516cc89da5], Licensed Package: False, Entitlement requested: [com.unity.editor.ui], Result: [granted: False, group: (null)]
2026-10-09 02:16:43.976 User Agent: [Hub 3.22.2], Protocol version: [1.18.3], Session Id: [d7d47190fb444edeac74a5516cc89da5], Licensed Package: False, Entitlement requested: [com.unity.editor.access.xlts], Result: [granted: False, group: (null)]
2026-10-09 02:16:43.977 User Agent: [Hub 3.22.2], Protocol version: [1.18.3], Session Id: [d7d47190fb444edeac74a5516cc89da5], Licensed Package: False, Entitlement requested: [com.unity.editor.access.u7-alpha], Result: [granted: False, group: (null)]
2026-10-09 02:16:53.333 User Agent: [UnityEditor/2022.3.62f3 (Linux; U; Linux 6.1; C.UTF)], Protocol version: [1.16.2], Session Id: [1f4504f4f5ec4dd0bed8981eac286839], Licensed Package: False, Entitlement requested: [com.unity.editor.legacy.pro], Result: [granted: False, group: (null)]
2026-10-09 02:16:53.334 User Agent: [UnityEditor/2022.3.62f3 (Linux; U; Linux 6.1; C.UTF)], Protocol version: [1.16.2], Session Id: [1f4504f4f5ec4dd0bed8981eac286839], Licensed Package: False, Entitlement requested: [com.unity.editor.headless], Result: [granted: True, group: F4-8ZSX-9GVU-UVYS-4UAG-XXXX]
2026-10-09 02:16:53.351 User Agent: [UnityEditor/2022.3.62f3 (Linux; U; Linux 6.1; C.UTF)], Protocol version: [1.16.2], Session Id: [1f4504f4f5ec4dd0bed8981eac286839], Licensed Package: False, Entitlement requested: [com.unity.editor.headless], Result: [granted: True, group: F4-8ZSX-9GVU-UVYS-4UAG-XXXX]
2026-10-09 02:16:53.351 User Agent: [UnityEditor/2022.3.62f3 (Linux; U; Linux 6.1; C.UTF)], Protocol version: [1.16.2], Session Id: [1f4504f4f5ec4dd0bed8981eac286839], Licensed Package: False, Entitlement requested: [com.unity.editor.ui], Result: [granted: True, group: F4-8ZSX-9GVU-UVYS-4UAG-XXXX]
2026-10-09 02:16:53.698 User Agent: [UnityEditor/2022.3.62f3 (Linux; U; Linux 6.1; C.UTF)], Protocol version: [1.16.2], Session Id: [1f4504f4f5ec4dd0bed8981eac286839], Licensed Package: False, Entitlement requested: [com.unity.inputsystem], Result: [granted: True, group: (null)]
2026-10-09 02:16:53.698 User Agent: [UnityEditor/2022.3.62f3 (Linux; U; Linux 6.1; C.UTF)], Protocol version: [1.16.2], Session Id: [1f4504f4f5ec4dd0bed8981eac286839], Licensed Package: False, Entitlement requested: [com.unity.ugui], Result: [granted: True, group: (null)]
2026-10-09 02:16:53.698 User Agent: [UnityEditor/2022.3.62f3 (Linux; U; Linux 6.1; C.UTF)], Protocol version: [1.16.2], Session Id: [1f4504f4f5ec4dd0bed8981eac286839], Licensed Package: False, Entitlement requested: [com.unity.modules.animation], Result: [granted: True, group: (null)]
2026-10-09 02:16:53.698 User Agent: [UnityEditor/2022.3.62f3 (Linux; U; Linux 6.1; C.UTF)], Protocol version: [1.16.2], Session Id: [1f4504f4f5ec4dd0bed8981eac286839], Licensed Package: False, Entitlement requested: [com.unity.modules.audio], Result: [granted: True, group: (null)]
2026-10-09 02:16:53.698 User Agent: [UnityEditor/2022.3.62f3 (Linux; U; Linux 6.1; C.UTF)], Protocol version: [1.16.2], Session Id: [1f4504f4f5ec4dd0bed8981eac286839], Licensed Package: False, Entitlement requested: [com.unity.modules.imageconversion], Result: [granted: True, group: (null)]
2026-10-09 02:16:53.698 User Agent: [UnityEditor/2022.3.62f3 (Linux; U; Linux 6.1; C.UTF)], Protocol version: [1.16.2], Session Id: [1f4504f4f5ec4dd0bed8981eac286839], Licensed Package: False, Entitlement requested: [com.unity.modules.imgui], Result: [granted: True, group: (null)]
2026-10-09 02:16:53.698 User Agent: [UnityEditor/2022.3.62f3 (Linux; U; Linux 6.1; C.UTF)], Protocol version: [1.16.2], Session Id: [1f4504f4f5ec4dd0bed8981eac286839], Licensed Package: False, Entitlement requested: [com.unity.modules.jsonserialize], Result: [granted: True, group: (null)]
2026-10-09 02:16:53.698 User Agent: [UnityEditor/2022.3.62f3 (Linux; U; Linux 6.1; C.UTF)], Protocol version: [1.16.2], Session Id: [1f4504f4f5ec4dd0bed8981eac286839], Licensed Package: False, Entitlement requested: [com.unity.modules.particlesystem], Result: [granted: True, group: (null)]
2026-10-09 02:16:53.698 User Agent: [UnityEditor/2022.3.62f3 (Linux; U; Linux 6.1; C.UTF)], Protocol version: [1.16.2], Session Id: [1f4504f4f5ec4dd0bed8981eac286839], Licensed Package: False, Entitlement requested: [com.unity.modules.physics], Result: [granted: True, group: (null)]
2026-10-09 02:16:53.698 User Agent: [UnityEditor/2022.3.62f3 (Linux; U; Linux 6.1; C.UTF)], Protocol version: [1.16.2], Session Id: [1f4504f4f5ec4dd0bed8981eac286839], Licensed Package: False, Entitlement requested: [com.unity.modules.ui], Result: [granted: True, group: (null)]
2026-10-09 02:16:53.698 User Agent: [UnityEditor/2022.3.62f3 (Linux; U; Linux 6.1; C.UTF)], Protocol version: [1.16.2], Session Id: [1f4504f4f5ec4dd0bed8981eac286839], Licensed Package: False, Entitlement requested: [com.unity.modules.uielements], Result: [granted: True, group: (null)]
2026-10-09 02:16:56.377 User Agent: [UnityEditor/2022.3.62f3 (Linux; U; Linux 6.1; C.UTF)], Protocol version: [1.16.2], Session Id: [1f4504f4f5ec4dd0bed8981eac286839], Licensed Package: False, Entitlement requested: [com.unity.editor.cluster], Result: [granted: False, group: (null)]
2026-10-09 02:16:56.377 User Agent: [UnityEditor/2022.3.62f3 (Linux; U; Linux 6.1; C.UTF)], Protocol version: [1.16.2], Session Id: [1f4504f4f5ec4dd0bed8981eac286839], Licensed Package: False, Entitlement requested: [com.unity.editor.headless], Result: [granted: True, group: F4-8ZSX-9GVU-UVYS-4UAG-XXXX]
2026-10-09 02:16:57.037 User Agent: [UnityEditor/2022.3.62f3 (Linux; U; Linux 6.1; C.UTF)], Protocol version: [1.16.2], Session Id: [1f4504f4f5ec4dd0bed8981eac286839], Licensed Package: False, Entitlement requested: [com.unity.editor.legacy.pro], Result: [granted: False, group: (null)]
2026-10-09 02:16:57.037 User Agent: [UnityEditor/2022.3.62f3 (Linux; U; Linux 6.1; C.UTF)], Protocol version: [1.16.2], Session Id: [1f4504f4f5ec4dd0bed8981eac286839], Licensed Package: False, Entitlement requested: [com.unity.editor.watermarks.disable], Result: [granted: False, group: (null)]
2026-10-09 02:16:57.037 User Agent: [UnityEditor/2022.3.62f3 (Linux; U; Linux 6.1; C.UTF)], Protocol version: [1.16.2], Session Id: [1f4504f4f5ec4dd0bed8981eac286839], Licensed Package: False, Entitlement requested: [com.unity.editor.watermarks.prototyping], Result: [granted: False, group: (null)]
2026-10-09 02:16:57.037 User Agent: [UnityEditor/2022.3.62f3 (Linux; U; Linux 6.1; C.UTF)], Protocol version: [1.16.2], Session Id: [1f4504f4f5ec4dd0bed8981eac286839], Licensed Package: False, Entitlement requested: [com.unity.editor.watermarks.edu], Result: [granted: False, group: (null)]
2026-10-09 02:16:57.037 User Agent: [UnityEditor/2022.3.62f3 (Linux; U; Linux 6.1; C.UTF)], Protocol version: [1.16.2], Session Id: [1f4504f4f5ec4dd0bed8981eac286839], Licensed Package: False, Entitlement requested: [com.unity.editor.watermarks.trial], Result: [granted: False, group: (null)]
2026-10-09 02:16:57.037 User Agent: [UnityEditor/2022.3.62f3 (Linux; U; Linux 6.1; C.UTF)], Protocol version: [1.16.2], Session Id: [1f4504f4f5ec4dd0bed8981eac286839], Licensed Package: False, Entitlement requested: [com.unity.editor.time-limited-license], Result: [granted: False, group: (null)]
2026-10-09 02:16:57.038 User Agent: [UnityEditor/2022.3.62f3 (Linux; U; Linux 6.1; C.UTF)], Protocol version: [1.16.2], Session Id: [1f4504f4f5ec4dd0bed8981eac286839], Licensed Package: False, Entitlement requested: [com.unity.editor.cluster], Result: [granted: False, group: (null)]
2026-10-09 02:16:57.038 User Agent: [UnityEditor/2022.3.62f3 (Linux; U; Linux 6.1; C.UTF)], Protocol version: [1.16.2], Session Id: [1f4504f4f5ec4dd0bed8981eac286839], Licensed Package: False, Entitlement requested: [com.unity.editor.headless], Result: [granted: True, group: F4-8ZSX-9GVU-UVYS-4UAG-XXXX]
2026-10-09 02:17:02.013 User Agent: [UnityEditor/2022.3.62f3 (Linux; U; Linux 6.1; C.UTF)], Protocol version: [1.16.2], Session Id: [1f4504f4f5ec4dd0bed8981eac286839], Licensed Package: False, Entitlement requested: [com.unity.editor.legacy.pro], Result: [granted: False, group: (null)]
2026-10-09 02:17:02.013 User Agent: [UnityEditor/2022.3.62f3 (Linux; U; Linux 6.1; C.UTF)], Protocol version: [1.16.2], Session Id: [1f4504f4f5ec4dd0bed8981eac286839], Licensed Package: False, Entitlement requested: [com.unity.editor.watermarks.edu], Result: [granted: False, group: (null)]
2026-10-09 02:17:02.013 User Agent: [UnityEditor/2022.3.62f3 (Linux; U; Linux 6.1; C.UTF)], Protocol version: [1.16.2], Session Id: [1f4504f4f5ec4dd0bed8981eac286839], Licensed Package: False, Entitlement requested: [com.unity.editor.ui], Result: [granted: True, group: F4-8ZSX-9GVU-UVYS-4UAG-XXXX]
2026-10-09 02:17:02.013 User Agent: [UnityEditor/2022.3.62f3 (Linux; U; Linux 6.1; C.UTF)], Protocol version: [1.16.2], Session Id: [1f4504f4f5ec4dd0bed8981eac286839], Licensed Package: False, Entitlement requested: [com.unity.editor.disable-splash-screen], Result: [granted: False, group: (null)]
2026-10-09 02:17:02.013 User Agent: [UnityEditor/2022.3.62f3 (Linux; U; Linux 6.1; C.UTF)], Protocol version: [1.16.2], Session Id: [1f4504f4f5ec4dd0bed8981eac286839], Licensed Package: False, Entitlement requested: [com.unity.editor.watermarks.trial], Result: [granted: False, group: (null)]
2026-10-09 02:17:02.013 User Agent: [UnityEditor/2022.3.62f3 (Linux; U; Linux 6.1; C.UTF)], Protocol version: [1.16.2], Session Id: [1f4504f4f5ec4dd0bed8981eac286839], Licensed Package: False, Entitlement requested: [com.unity.editor.headless], Result: [granted: True, group: F4-8ZSX-9GVU-UVYS-4UAG-XXXX]
=== /home/runner/.config/unity3d/Unity/Unity.Licensing.Client.log (tail 60)
2026-10-09 02:16:52.141 - [  5461] - [    13] - INFO  - [Unity.Licensing.Client.MultiClientPipeServer] Named pipe server started
2026-10-09 02:16:52.141 - [  5461] - [.NET Long Running Task] - INFO  - [Unity.Licensing.Client.MultiClientPipeServer] Waiting for a connection (pipe #1)
2026-10-09 02:16:52.142 - [  5461] - [    13] - INFO  - [Unity.Licensing.Client.Communication.Notifications.NotificationsPipeServer] Starting named pipe server (on thread: 13)
2026-10-09 02:16:52.144 - [  5461] - [.NET Long Running Task] - INFO  - [Unity.Licensing.Client.Communication.Notifications.NotificationsPipeServer] Waiting for a connection (pipe #1)
2026-10-09 02:16:52.144 - [  5461] - [    13] - INFO  - [Unity.Licensing.Client.Communication.Notifications.NotificationsPipeServer] Named pipe server started
2026-10-09 02:16:52.144 - [  5461] - [     8] - INFO  - [Unity.Licensing.Client.Services.Package.PackageService] Getting PACL from remote uri: "https://license.unity3d.com/licenses/v1/packages/acl" ...
2026-10-09 02:16:52.150 - [  5461] - [     8] - INFO  - [Unity.Licensing.Client.Services.Package.PackageService] Local PACL revision: 53
2026-10-09 02:16:52.178 - [  5461] - [.NET Long Running Task] - INFO  - [Unity.Licensing.Client.MultiClientPipeServer] Waiting for a connection (pipe #2)
2026-10-09 02:16:52.182 - [  5461] - [    20] - INFO  - [Unity.Licensing.Client.Communication.ApiPipeHandler#1] new pipe session: 1f4504f4f5ec4dd0bed8981eac286839
2026-10-09 02:16:52.184 - [  5461] - [    20] - INFO  - [Unity.Licensing.Client.MultiClientPipeServer] A new client is connecting (pipe #1)
2026-10-09 02:16:52.184 - [  5461] - [    20] - INFO  - [Unity.Licensing.Client.Communication.ApiPipeHandler#1] Start accepting requests
2026-10-09 02:16:52.224 - [  5461] - [    20] - INFO  - [Unity.Licensing.Client.Communication.Controllers.HandshakeController] Received handshake from: UnityEditor/2022.3.62f3 (Linux; U; Linux 6.1; C.UTF) (LocalIPC/1.16.2)
2026-10-09 02:16:52.241 - [  5461] - [    20] - INFO  - [Unity.Licensing.Client.Communication.ApiPipeHandler#1] REQ-1 | Sending HandshakeResponse for request HandshakeRequest from UnityEditor/2022.3.62f3 (Linux; U; Linux 6.1; C.UTF) (LocalIPC/1.16.2) [200]:  Handshake successful
2026-10-09 02:16:52.242 - [  5461] - [.NET Long Running Task] - INFO  - [Unity.Licensing.Client.Communication.Notifications.NotificationsPipeServer] Waiting for a connection (pipe #2)
2026-10-09 02:16:52.243 - [  5461] - [    21] - INFO  - [Unity.Licensing.Client.Communication.Notifications.NotificationsPipeServer] A new client is connecting (pipe #1)
2026-10-09 02:16:52.260 - [  5461] - [    20] - INFO  - [Unity.Licensing.Client.Services.Licensing.GenesisLicensingService] [ed4d1d777aa24db18e75692b90ac8d75] Starting Ulf transaction for UPDATE operation
2026-10-09 02:16:52.293 - [  5461] - [    20] - INFO  - [Unity.Licensing.Client.Services.Licensing.GenesisLicensingService] Attempting to contact genesis update license api
2026-10-09 02:16:52.296 - [  5461] - [    20] - WARN  - [Unity.Licensing.Client.Services.Licensing.GenesisLicensingService] Failed to update license file. [Code: 401] Token not found in cache
2026-10-09 02:16:52.307 - [  5461] - [     6] - WARN  - [PackageService.HttpRequests] Handled response: [304 | Not Modified | ] from request: [GET | https://license.unity3d.com/licenses/v1/packages/acl | ]
2026-10-09 02:16:52.310 - [  5461] - [     6] - INFO  - [Unity.Licensing.Client.Services.Package.PackageService] Skipping download. No difference between local and remote ETag (uri: "https://license.unity3d.com/licenses/v1/packages/acl", ETag: "59dd73d01930d363b853e88a531ae9c5")
2026-10-09 02:16:52.310 - [  5461] - [     6] - INFO  - [Unity.Licensing.Client.Services.Package.PackageEnforcer] Successfully updated PACL file after 1 attempt(s). Next update in 24.00 hours.
2026-10-09 02:16:52.311 - [  5461] - [     6] - INFO  - [Unity.Licensing.Client.Services.Package.PackageEnforcer] Loading remote PACL, revision: 53, version: 1.0
2026-10-09 02:16:53.288 - [  5461] - [    21] - INFO  - [Unity.Licensing.Platform.Permissions.PermissionService] Ensuring path with permissions: /home/runner/.local/share/unity3d/Unity/Unity_lic.ulf
2026-10-09 02:16:53.297 - [  5461] - [    17] - INFO  - [Unity.Licensing.Client.Services.Licensing.GenesisLicensingService] [ed4d1d777aa24db18e75692b90ac8d75] ULF license updated successfully
2026-10-09 02:16:53.298 - [  5461] - [     8] - INFO  - [Unity.Licensing.Client.Services.EntitlementResolverProvider] OnLicenseDirUpdate
2026-10-09 02:16:53.299 - [  5461] - [     8] - INFO  - [Unity.Licensing.Client.Services.EntitlementResolverProvider] License file change detected. Reloading the resolver
2026-10-09 02:16:53.305 - [  5461] - [    20] - INFO  - [Unity.Licensing.Client.Services.Helpers.LicenseFilesMapper] Successfully parsed (ULF) license /home/runner/.local/share/unity3d/Unity/Unity_lic.ulf
2026-10-09 02:16:53.305 - [  5461] - [    20] - INFO  - [Unity.Licensing.Client.Services.EntitlementResolverProvider] Rebuilding resolvers from local files:  /home/runner/.local/share/unity3d/Unity/Unity_lic.ulf
2026-10-09 02:16:53.305 - [  5461] - [    20] - INFO  - [Unity.Licensing.Client.Services.EntitlementResolverProvider] Processing ULF license /home/runner/.local/share/unity3d/Unity/Unity_lic.ulf
2026-10-09 02:16:53.305 - [  5461] - [    20] - INFO  - [Unity.Licensing.Client.Services.EntitlementResolverProvider] Processed 1 license files in 00:00:00.0000636
2026-10-09 02:16:53.312 - [  5461] - [    20] - INFO  - [Unity.Licensing.Client.Services.LicenseOfflineValidityEndingPeriodicNotifierService] OnEntitlementResolverUpdated, will restart timer
2026-10-09 02:16:53.312 - [  5461] - [    20] - ERROR - [Unity.Licensing.Client.Communication.Controllers.UpdateLicenseController] assigned update failed. Details: Token not found in cache
2026-10-09 02:16:53.315 - [  5461] - [    20] - INFO  - [Unity.Licensing.Client.Communication.ApiPipeHandler#1] REQ-2 | Sending UpdateLicenseResponse for request UpdateLicenseRequest from UnityEditor/2022.3.62f3 (Linux; U; Linux 6.1; C.UTF) (LocalIPC/1.16.2) [200]:  Licenses updated.
2026-10-09 02:16:53.317 - [  5461] - [    17] - INFO  - [Unity.Licensing.Client.Services.LicenseOfflineValidityEndingPeriodicNotifierService] Will execute periodic notification again in 00:30:00
2026-10-09 02:16:53.334 - [  5461] - [    20] - INFO  - [Unity.Licensing.Client.Communication.Controllers.EntitlementDetailsController] Finished handling EntitlementDetails request
2026-10-09 02:16:53.339 - [  5461] - [    20] - INFO  - [Unity.Licensing.Client.Communication.ApiPipeHandler#1] REQ-3 | Sending EntitlementDetailsResponse for request EntitlementDetailsRequest from UnityEditor/2022.3.62f3 (Linux; U; Linux 6.1; C.UTF) (LocalIPC/1.16.2) [200]:  Found 1 entitlement groups and 0 free entitlements matching requested entitlement ids
2026-10-09 02:16:53.351 - [  5461] - [    20] - INFO  - [Unity.Licensing.Client.Communication.Controllers.EntitlementDetailsController] Finished handling EntitlementDetails request
2026-10-09 02:16:53.351 - [  5461] - [    20] - INFO  - [Unity.Licensing.Client.Communication.ApiPipeHandler#1] REQ-4 | Sending EntitlementDetailsResponse for request EntitlementDetailsRequest from UnityEditor/2022.3.62f3 (Linux; U; Linux 6.1; C.UTF) (LocalIPC/1.16.2) [200]:  Found 1 entitlement groups and 0 free entitlements matching requested entitlement ids
2026-10-09 02:16:53.698 - [  5461] - [    20] - INFO  - [Unity.Licensing.Client.Communication.Controllers.EntitlementDetailsController] Finished handling EntitlementDetails request
2026-10-09 02:16:53.699 - [  5461] - [    20] - INFO  - [Unity.Licensing.Client.Communication.ApiPipeHandler#1] REQ-5 | Sending EntitlementDetailsResponse for request EntitlementDetailsRequest from UnityEditor/2022.3.62f3 (Linux; U; Linux 6.1; C.UTF) (LocalIPC/1.16.2) [200]:  Found 0 entitlement groups and 11 free entitlements matching requested entitlement ids
2026-10-09 02:16:56.377 - [  5461] - [    20] - INFO  - [Unity.Licensing.Client.Communication.Controllers.EntitlementDetailsController] Finished handling EntitlementDetails request
2026-10-09 02:16:56.377 - [  5461] - [    20] - INFO  - [Unity.Licensing.Client.Communication.ApiPipeHandler#1] REQ-6 | Sending EntitlementDetailsResponse for request EntitlementDetailsRequest from UnityEditor/2022.3.62f3 (Linux; U; Linux 6.1; C.UTF) (LocalIPC/1.16.2) [200]:  Found 1 entitlement groups and 0 free entitlements matching requested entitlement ids
2026-10-09 02:16:57.038 - [  5461] - [    20] - INFO  - [Unity.Licensing.Client.Communication.Controllers.EntitlementDetailsController] Finished handling EntitlementDetails request
2026-10-09 02:16:57.038 - [  5461] - [    20] - INFO  - [Unity.Licensing.Client.Communication.ApiPipeHandler#1] REQ-7 | Sending EntitlementDetailsResponse for request EntitlementDetailsRequest from UnityEditor/2022.3.62f3 (Linux; U; Linux 6.1; C.UTF) (LocalIPC/1.16.2) [200]:  Found 1 entitlement groups and 0 free entitlements matching requested entitlement ids
2026-10-09 02:17:02.013 - [  5461] - [    20] - INFO  - [Unity.Licensing.Client.Communication.Controllers.EntitlementDetailsController] Finished handling EntitlementDetails request
2026-10-09 02:17:02.013 - [  5461] - [    20] - INFO  - [Unity.Licensing.Client.Communication.ApiPipeHandler#1] REQ-8 | Sending EntitlementDetailsResponse for request EntitlementDetailsRequest from UnityEditor/2022.3.62f3 (Linux; U; Linux 6.1; C.UTF) (LocalIPC/1.16.2) [200]:  Found 1 entitlement groups and 0 free entitlements matching requested entitlement ids
2026-10-09 02:19:22.256 - [  5461] - [    17] - INFO  - [Unity.Licensing.Client.Communication.Notifications.NotificationsPipeHandler#1] Notification channel with sessionId: e048ae6d4acc40048fef2a70357a0ff9 is shutting down
2026-10-09 02:19:22.256 - [  5461] - [    17] - INFO  - [Unity.Licensing.Client.Communication.Notifications.NotificationsPipeServer] Connection closed (pipe #1)
2026-10-09 02:19:22.256 - [  5461] - [    20] - INFO  - [Unity.Licensing.Client.Communication.ApiPipeHandler#1] Detected client disconnect
2026-10-09 02:19:22.256 - [  5461] - [    20] - INFO  - [Unity.Licensing.Client.Communication.ApiPipeHandler#1] End accepting requests
2026-10-09 02:19:22.256 - [  5461] - [    20] - INFO  - [Unity.Licensing.Client.MultiClientPipeServer] Connection closed (pipe #1)
2026-10-09 02:19:22.258 - [  5461] - [    20] - INFO  - [Unity.Licensing.Client.Services.LicensingOrchestrator] Last active session ended.
2026-10-09 02:19:22.258 - [  5461] - [    20] - INFO  - [Unity.Licensing.Client.PipeServerExecutor] Starting licensing client's exit timer
2026-10-09 02:19:22.258 - [  5461] - [    20] - INFO  - [Unity.Licensing.Client.Communication.ApiPipeHandler#1] Disposing named pipe
2026-10-09 02:19:22.258 - [  5461] - [    13] - INFO  - [Unity.Licensing.Client.MultiClientPipeServer] Named pipe server is shutting down (thread: 13)
2026-10-09 02:19:22.258 - [  5461] - [    20] - INFO  - [Unity.Licensing.Client.Communication.ApiPipeHandler#1] Disposing named pipe
2026-10-09 02:19:22.259 - [  5461] - [    13] - INFO  - [Unity.Licensing.Client.MultiClientPipeServer] Named pipe server has shutdown
2026-10-09 02:19:22.259 - [  5461] - [    13] - INFO  - [Unity.Licensing.Client.Communication.Notifications.NotificationsPipeServer] Named pipe server is shutting down (thread: 13)
2026-10-09 02:19:22.261 - [  5461] - [    13] - INFO  - [Unity.Licensing.Client.Communication.Notifications.NotificationsPipeServer] Named pipe server has shutdown
2026-10-09 02:19:22.261 - [  5461] - [    10] - INFO  - [Unity.Licensing.Client.PipeServerExecutor] Releasing mutex Unity-LicenseClient-runner (thread: 10)
=== error lines
10:[Licensing::Module] Trying to connect to existing licensing client channel...
11:[Licensing::IpcConnector] Channel LicenseClient-runner doesn't exist
12:[Licensing::Module] Successfully launched the LicensingClient (PId: 5461)
13:[Licensing::IpcConnector] Successfully connected to: "LicenseClient-runner" at "2026-10-09T02:16:52.177398Z"
15:[Licensing::Client] Handshaking with LicensingClient:
21:[Licensing::Module] Successfully connected to LicensingClient on channel: "LicenseClient-runner" (connect: 0.57s, validation: 0.06s, handshake: 0.00s)
22:[Licensing::IpcConnector] Successfully connected to: "LicenseClient-runner-notifications" at "2026-10-09T02:16:52.242365Z"
23:[Licensing::Module] Connected to LicensingClient (PId: 5461, launch time: 0.00, total connection time: 0.63s)
24:[Licensing::Module] Error: Access token is unavailable; failed to update
25:[Licensing::Client] Successfully updated license
26:[Licensing::Client] Successfully resolved entitlement details
27:[Licensing::Module] Serial number assigned to: "F4-8ZSX-9GVU-UVYS-4UAG-XXXX"
28:Pro License: NO
30:[Licensing::Client] Successfully resolved entitlement details
42:BuildScript.BuildWebGL
90:[Licensing::Client] Successfully resolved entitlement details
106:ALSA lib conf.c:5208:(_snd_config_evaluate) function snd_func_card_inum returned error: No such file or directory
108:ALSA lib conf.c:5208:(_snd_config_evaluate) function snd_func_concat returned error: No such file or directory
110:ALSA lib conf.c:5208:(_snd_config_evaluate) function snd_func_refer returned error: No such file or directory
111:ALSA lib conf.c:5731:(snd_config_expand) Evaluate error: No such file or directory
113:FMOD failed to initialize the output device.: "Error initializing output device. " (60)
116:ALSA lib conf.c:5208:(_snd_config_evaluate) function snd_func_card_inum returned error: No such file or directory
118:ALSA lib conf.c:5208:(_snd_config_evaluate) function snd_func_concat returned error: No such file or directory
120:ALSA lib conf.c:5208:(_snd_config_evaluate) function snd_func_refer returned error: No such file or directory
121:ALSA lib conf.c:5731:(snd_config_expand) Evaluate error: No such file or directory
123:FMOD failed to initialize the output device.: "Error initializing output device. " (60)
159:[Licensing::Client] Successfully resolved entitlement details
211:[Licensing::Client] Successfully resolved entitlement details
312:Start importing Assets/Editor/BuildScript.cs using Guid(6d0e3aed924b3e0e3b73558b177776d6) Importer(-1,00000000000000000000000000000000) [PhysX] Initialized MultithreadedTaskDispatcher with 4 workers.
324:BuildScript:SetInputHandler () (at Assets/Editor/BuildScript.cs:99)
325:InputHandlerSetter:.cctor () (at Assets/Editor/BuildScript.cs:16)
329:(Filename: Assets/Editor/BuildScript.cs Line: 99)
411:[Licensing::Client] Successfully resolved entitlement details
423:BuildScript: start, Unity 2022.3.62f3
428:BuildScript:Run () (at Assets/Editor/BuildScript.cs:45)
429:BuildScript:BuildWebGL () (at Assets/Editor/BuildScript.cs:32)
431:(Filename: Assets/Editor/BuildScript.cs Line: 45)
440:BuildScript:SetStatic (System.Type,string,object) (at Assets/Editor/BuildScript.cs:108)
441:BuildScript:ConfigurePlayer () (at Assets/Editor/BuildScript.cs:132)
442:BuildScript:Run () (at Assets/Editor/BuildScript.cs:50)
443:BuildScript:BuildWebGL () (at Assets/Editor/BuildScript.cs:32)
445:(Filename: Assets/Editor/BuildScript.cs Line: 108)
452:BuildScript:SetStatic (System.Type,string,object) (at Assets/Editor/BuildScript.cs:108)
453:BuildScript:ConfigurePlayer () (at Assets/Editor/BuildScript.cs:133)
454:BuildScript:Run () (at Assets/Editor/BuildScript.cs:50)
455:BuildScript:BuildWebGL () (at Assets/Editor/BuildScript.cs:32)
457:(Filename: Assets/Editor/BuildScript.cs Line: 108)
525:BuildScript: scene saved Assets/Scenes/Main.unity
530:BuildScript:CreateScene () (at Assets/Editor/BuildScript.cs:249)
531:BuildScript:Run () (at Assets/Editor/BuildScript.cs:54)
532:BuildScript:BuildWebGL () (at Assets/Editor/BuildScript.cs:32)
534:(Filename: Assets/Editor/BuildScript.cs Line: 249)
622:BuildScript:Run () (at Assets/Editor/BuildScript.cs:66)
623:BuildScript:BuildWebGL () (at Assets/Editor/BuildScript.cs:32)
2151: 0.1 kb	 0.0% Packages/com.unity.inputsystem/InputSystem/Utilities/ExceptionHelpers.cs
2422:BUILD_RESULT: Succeeded errors=0 warnings=2 size=35461065 time=00:02:17.3131171
2427:BuildScript:Run () (at Assets/Editor/BuildScript.cs:68)
2428:BuildScript:BuildWebGL () (at Assets/Editor/BuildScript.cs:32)
2430:(Filename: Assets/Editor/BuildScript.cs Line: 68)
2432:BUILD_SCRIPT_EXIT: 0
2437:BuildScript:BuildWebGL () (at Assets/Editor/BuildScript.cs:39)
2439:(Filename: Assets/Editor/BuildScript.cs Line: 39)
2447:[Licensing::IpcConnector] LicenseClient-runner-notifications channel disconnected successfully.
2448:[Licensing::IpcConnector] LicenseClient-runner channel disconnected successfully.
2527:[Performance] Application.ReadLicenseInfo                                                                                    :        1 samples, Peak.  11.8 ms (1.0x), Avg.  11.8 ms, Total. 11.83 ms (0.0%)
2943:##utp:{"type":"MemoryLeaks","version":2,"phase":"Immediate","time":1791512362274,"processId":5455,"allocatedMemory":7847322,"memoryLabels":[{"Default":20071},{"Permanent":16353},{"Thread":1083236},{"Manager":19908},{"VertexData":12},{"Geometry":280},{"Texture":328},{"Shader":69263},{"Material":24},{"GfxDevice":36336},{"Animation":360},{"Audio":3976},{"FontEngine":336},{"Physics":513},{"Serialization":732},{"Input":26816},{"JobScheduler":34384},{"Mono":40},{"ScriptingNativeRuntime":191920},{"BaseObject":1629820},{"Resource":1064},{"Renderer":2352},{"Transform":48},{"File":3717},{"WebCam":40},{"Culling":40},{"Terrain":1025},{"Wind":24},{"String":21259},{"DynamicArray":56055},{"HashMap":64310},{"Utility":2659526},{"Curl":1112},{"PoolAlloc":1496},{"AI":72},{"TypeTree":5061},{"ScriptManager":640},{"RuntimeInitializeOnLoadManager":80},{"SpriteAtlas":128},{"GI":3632},{"Director":7928},{"CloudService":2360},{"WebRequest":720},{"VR":45769},{"SceneManager":600},{"Video":72},{"LazyScriptCache":40},{"NativeArray":12},{"Camera":25},{"Secure":5337},{"SerializationCache":1576},{"APIUpdating":11856},{"Subsystems":392},{"VirtualTexturing":57560},{"StaticSafetyDebugInfo":327680},{"EditorGui":56},{"EditorUtility":10359},{"VersionControl":4},{"Undo":736},{"AssetDatabase":1369399},{"RestService":1518},{"EditorGi":376},{"License":3584},{"UnityConnect":25496},{"Collab":641},{"Upm":1856},{"DrivenProperties":96},{"LocalIPC":216},{"ProfilerEditor":10951},{"CoreBusinessMetrics":3638},{"AssetReference":40},{"IPCStream":40}]}
=== editor log tail (400)
[Performance] InitializeOnLoad PrefabLayoutRebuilder                                                                         :        1 samples, Peak.   266 us (1.0x), Avg.   266 us, Total. 266.0 us (0.0%)
[Performance] DidReloadScriptsAdvancedDropdownWindow.OnScriptReload                                                          :        2 samples, Peak.   247 us (1.1x), Avg.   227 us, Total. 453.5 us (0.0%)
[Performance] BuilderAssetPostprocessor.OnPostprocessAllAssets                                                               :       28 samples, Peak.  3.45 ms (13.0x), Avg.   265 us, Total. 7.432 ms (0.0%)
[Performance] ArtifactBrowserPostProcessor.OnPostprocessAllAssets                                                            :       28 samples, Peak.   531 us (12.6x), Avg.  42.1 us, Total. 1.178 ms (0.0%)
[Performance] AssetEvents.OnPostprocessAllAssets                                                                             :       56 samples, Peak.   230 us (15.9x), Avg.  14.5 us, Total. 810.3 us (0.0%)
[Performance] AudioMixerPostprocessor.OnPostprocessAllAssets                                                                 :       28 samples, Peak.   325 us (12.2x), Avg.  26.6 us, Total. 744.8 us (0.0%)
[Performance] StyleCatalogPostProcessor.OnPostprocessAllAssets                                                               :       28 samples, Peak.  23.5 ms (13.9x), Avg.  1.69 ms, Total. 47.21 ms (0.0%)
[Performance] BuildCatalog                                                                                                   :        1 samples, Peak.  22.3 ms (1.0x), Avg.  22.3 ms, Total. 22.34 ms (0.0%)
[Performance] ModelImporterPostProcessor.OnPostprocessAllAssets                                                              :       28 samples, Peak.  1.56 ms (5.0x), Avg.   312 us, Total. 8.749 ms (0.0%)
[Performance] RetainedModeAssetPostprocessor.OnPostprocessAllAssets                                                          :       28 samples, Peak.  2.09 ms (12.8x), Avg.   163 us, Total. 4.560 ms (0.0%)
[Performance] AssetChangedListener.OnPostprocessAllAssets                                                                    :       28 samples, Peak.  2.07 ms (12.1x), Avg.   171 us, Total. 4.798 ms (0.0%)
[Performance] SpeedTreePostProcessor.OnPostprocessAllAssets                                                                  :       28 samples, Peak.   287 us (9.8x), Avg.  29.2 us, Total. 819.0 us (0.0%)
[Performance] TextAssetPostProcessor.OnPostprocessAllAssets                                                                  :       28 samples, Peak.   609 us (11.4x), Avg.  53.3 us, Total. 1.492 ms (0.0%)
[Performance] InputActionAssetPostprocessor.OnPostprocessAllAssets                                                           :       28 samples, Peak.   468 us (11.0x), Avg.  42.4 us, Total. 1.188 ms (0.0%)
[Performance] InputActionJsonNameModifierAssetProcessor.OnPostprocessAllAssets                                               :       28 samples, Peak.   146 us (7.8x), Avg.  18.8 us, Total. 525.7 us (0.0%)
[Performance] ProjectSettingsPostprocessor.OnPostprocessAllAssets                                                            :       28 samples, Peak.   182 us (9.9x), Avg.  18.3 us, Total. 513.1 us (0.0%)
[Performance] SyncVS.PostprocessSyncProject                                                                                  :       14 samples, Peak.  1.56 ms (13.6x), Avg.   114 us, Total. 1.600 ms (0.0%)
[Performance] EditorApplication.projectChanged: UnityEditor.Audio.MixerEffectDefinitionReloader.OnProjectChanged             :       11 samples, Peak.   443 us (1.1x), Avg.   396 us, Total. 4.355 ms (0.0%)
[Performance] EditorApplication.projectChanged: UnityEngine.InputSystem.LowLevel.NativeInputRuntime.OnProjectChanged         :       11 samples, Peak.   205 us (10.2x), Avg.  20.1 us, Total. 221.6 us (0.0%)
[Performance] Application.ImportPackagesAndSetTemplateWhenCreatingProject                                                    :        1 samples, Peak.  14.7 ms (1.0x), Avg.  14.7 ms, Total. 14.65 ms (0.0%)
[Performance] Application.SyncCurrentColorSpace                                                                              :        1 samples, Peak.   351 ns (1.0x), Avg.   351 ns, Total. 351.0 ns (0.0%)
[Performance] Application.OnUsbDevicesChanged                                                                                :        1 samples, Peak.   124 us (1.0x), Avg.   124 us, Total. 123.8 us (0.0%)
[Performance] Application.AssetInstanceCacheUpdate                                                                           :        1 samples, Peak.   310 ns (1.0x), Avg.   310 ns, Total. 310.0 ns (0.0%)
[Performance] Application.UnityExtensions.Initialize                                                                         :        1 samples, Peak.  1.06 ms (1.0x), Avg.  1.06 ms, Total. 1.064 ms (0.0%)
[Performance] CodeEditorProjectSync.SyncEditorProject                                                                        :        1 samples, Peak.  68.7 us (1.0x), Avg.  68.7 us, Total. 68.72 us (0.0%)
[Performance] Application.ExecuteStartups                                                                                    :        1 samples, Peak.  33.2 ms (1.0x), Avg.  33.2 ms, Total. 33.19 ms (0.0%)
[Performance] Menu.RegisterMenuInterface                                                                                     :       26 samples, Peak.   821 ns (4.9x), Avg.   168 ns, Total. 4.368 us (0.0%)
[Performance] Gizmo.RebuildRenderers                                                                                         :        2 samples, Peak.  32.5 ms (1.5x), Avg.  22.2 ms, Total. 44.33 ms (0.0%)
[Performance] Gizmo.AddGizmoRenderers                                                                                        :       50 samples, Peak.  1.66 ms (30.5x), Avg.  54.6 us, Total. 2.728 ms (0.0%)
[Performance] Application.editorInitializingProject                                                                          :        1 samples, Peak.  13.3 ms (1.0x), Avg.  13.3 ms, Total. 13.27 ms (0.0%)
[Performance] Application.InitializeMenu                                                                                     :        1 samples, Peak.  68.9 ms (1.0x), Avg.  68.9 ms, Total. 68.86 ms (0.0%)
[Performance] Menu.RebuildAll                                                                                                :        1 samples, Peak.  68.9 ms (1.0x), Avg.  68.9 ms, Total. 68.85 ms (0.0%)
[Performance] Menu.BuildRegisteredMenuInterfaces                                                                             :        1 samples, Peak.  68.2 ms (1.0x), Avg.  68.2 ms, Total. 68.18 ms (0.0%)
[Performance] Menu.FilterMenuItem                                                                                            :      476 samples, Peak.  21.5 ms (471.4x), Avg.  45.6 us, Total. 21.69 ms (0.0%)
[Performance] UpdateAllMenus                                                                                                 :        1 samples, Peak.   604 us (1.0x), Avg.   604 us, Total. 604.4 us (0.0%)
[Performance] EditorSceneManager.sceneClosing: UnityEditor.SceneVisibilityManager.EditorSceneManagerOnSceneClosing           :        6 samples, Peak.   295 us (5.6x), Avg.  52.9 us, Total. 317.6 us (0.0%)
[Performance] GUIView.RepaintAll.PlayerLoopController                                                                        :        5 samples, Peak.  2.28 us (2.6x), Avg.   878 ns, Total. 4.388 us (0.0%)
[Performance] EditorSceneManager.newSceneCreated: UnityEditor.SceneTemplate.SceneTemplateService.OnNewSceneCreated           :        4 samples, Peak.   314 us (4.0x), Avg.  79.2 us, Total. 316.9 us (0.0%)
[Performance] EditorSceneManager.newSceneCreated: UnityEditor.SceneVisibilityManager.EditorSceneManagerOnNewSceneCreated     :        4 samples, Peak.   240 us (3.8x), Avg.  63.8 us, Total. 255.0 us (0.0%)
[Performance] EditorSceneManager.newSceneCreated: UnityEditor.SceneManagement.StageNavigationManager.OnNewSceneCreated       :        4 samples, Peak.  70.2 us (3.8x), Avg.  18.3 us, Total. 73.05 us (0.0%)
[Performance] Application.InvokeFinishedLoadingProject                                                                       :        1 samples, Peak.  1.79 ms (1.0x), Avg.  1.79 ms, Total. 1.785 ms (0.0%)
[Performance] ProcessService.OnProjectLoaded                                                                                 :        1 samples, Peak.  51.3 us (1.0x), Avg.  51.3 us, Total. 51.27 us (0.0%)
[Performance] AssetDatabase.ImportAsset                                                                                      :        3 samples, Peak.  6.64 ms (1.3x), Avg.  5.14 ms, Total. 15.43 ms (0.0%)
[Performance] EditorSceneManager.sceneSaving: UnityEditor.SceneTemplate.SceneTemplateService.OnSceneSaving                   :        1 samples, Peak.   307 us (1.0x), Avg.   307 us, Total. 307.5 us (0.0%)
[Performance] EditorSceneManager.sceneSaving: UnityEditor.SceneVisibilityManager.EditorSceneManagerOnSceneSaving             :        1 samples, Peak.   122 us (1.0x), Avg.   122 us, Total. 121.5 us (0.0%)
[Performance] EditorSceneManager.sceneSaved: UnityEditor.SceneTemplate.SceneTemplateService.OnSceneSaved                     :        1 samples, Peak.  17.5 ms (1.0x), Avg.  17.5 ms, Total. 17.48 ms (0.0%)
[Performance] EditorSceneManager.sceneSaved: UnityEditor.SceneVisibilityManager.EditorSceneManagerOnSceneSaved               :        1 samples, Peak.   133 us (1.0x), Avg.   133 us, Total. 133.3 us (0.0%)
[Performance] Inspector.InitOrRebuild                                                                                        :        3 samples, Peak.   313 us (1.3x), Avg.   232 us, Total. 696.6 us (0.0%)
[Performance] GenerateAssemblyTypeInfos                                                                                      :        2 samples, Peak.  14.8 ms (1.4x), Avg.  10.6 ms, Total. 21.21 ms (0.0%)
[Performance] AssetDatabase.Refresh                                                                                          :        1 samples, Peak.  13.4 ms (1.0x), Avg.  13.4 ms, Total. 13.35 ms (0.0%)
[Performance] EditorSceneManager.sceneOpened: UnityEditor.SceneTemplate.SceneTemplateService.OnSceneOpened                   :        1 samples, Peak.   235 us (1.0x), Avg.   235 us, Total. 234.9 us (0.0%)
[Performance] EditorSceneManager.sceneOpened: UnityEditor.SceneVisibilityManager.EditorSceneManagerOnSceneOpened             :        1 samples, Peak.   160 us (1.0x), Avg.   160 us, Total. 159.9 us (0.0%)
[Performance] EditorSceneManager.sceneOpened: UnityEditor.SceneManagement.StageNavigationManager.OnSceneOpened               :        1 samples, Peak.  56.0 us (1.0x), Avg.  56.0 us, Total. 56.02 us (0.0%)
[Performance] UnityBuildPostprocessor.OnProcessScene                                                                         :        1 samples, Peak.   449 us (1.0x), Avg.   449 us, Total. 448.7 us (0.0%)
[Performance] Application.Shutdown.SaveDefaultWindowPreferences                                                              :        1 samples, Peak.  63.7 us (1.0x), Avg.  63.7 us, Total. 63.70 us (0.0%)
[Performance] Application.Shutdown.SaveSceneManagerSetup                                                                     :        1 samples, Peak.   234 us (1.0x), Avg.   234 us, Total. 233.6 us (0.0%)
[Performance] Application.Shutdown.CleanupAllContainerWindows                                                                :        1 samples, Peak.   761 ns (1.0x), Avg.   761 ns, Total. 761.0 ns (0.0%)
[Performance] EditorApplication.quitting: callback in UnityEditor.TextCore.Text.EditorEventCallbacks                         :        1 samples, Peak.  6.99 ms (1.0x), Avg.  6.99 ms, Total. 6.986 ms (0.0%)
[Performance] EditorApplication.quitting: UnityEditor.WebGL.WebsockifyEditorWrapper.Kill                                     :        1 samples, Peak.   843 us (1.0x), Avg.   843 us, Total. 843.1 us (0.0%)
[Performance] Application.Shutdown.PauseProfilerSession                                                                      :        1 samples, Peak.  36.8 us (1.0x), Avg.  36.8 us, Total. 36.79 us (0.0%)
[Performance] Application.Shutdown.PauseAssetImportWorkers                                                                   :        1 samples, Peak.   124 us (1.0x), Avg.   124 us, Total. 124.4 us (0.0%)
[Performance] Application.Shutdown.SaveAssets                                                                                :        1 samples, Peak.  1.32 ms (1.0x), Avg.  1.32 ms, Total. 1.318 ms (0.0%)
[Performance] Application.Shutdown.CleanupRenderPipeline                                                                     :        1 samples, Peak.  4.00 us (1.0x), Avg.  4.00 us, Total. 3.997 us (0.0%)
[Performance] Application.Shutdown.StopPreloadManager                                                                        :        1 samples, Peak.  10.1 ms (1.0x), Avg.  10.1 ms, Total. 10.08 ms (0.0%)
[Performance] Application.Shutdown.DestroyWorld                                                                              :        1 samples, Peak.   323 us (1.0x), Avg.   323 us, Total. 322.8 us (0.0%)
[Performance] Application.Shutdown.CleanupAfterLoad                                                                          :        1 samples, Peak.  3.41 ms (1.0x), Avg.  3.41 ms, Total. 3.408 ms (0.0%)
[Performance] Application.Shutdown.Progress                                                                                  :        1 samples, Peak.  18.7 us (1.0x), Avg.  18.7 us, Total. 18.65 us (0.0%)
[Performance] Application.Shutdown.GICleanupManagers                                                                         :        1 samples, Peak.  2.41 ms (1.0x), Avg.  2.41 ms, Total. 2.407 ms (0.0%)
[Performance] Application.Shutdown.MenuCleanupClass                                                                          :        1 samples, Peak.   167 us (1.0x), Avg.   167 us, Total. 166.7 us (0.0%)
[Performance] Application.Shutdown.ADBSaveStateBeforeShutdown                                                                :        1 samples, Peak.  7.32 us (1.0x), Avg.  7.32 us, Total. 7.324 us (0.0%)
[Performance] Application.Shutdown.RemoteShutdown                                                                            :        1 samples, Peak.  1.93 us (1.0x), Avg.  1.93 us, Total. 1.934 us (0.0%)
[Performance] Application.Shutdown.CleanupVCProvider                                                                         :        1 samples, Peak.  14.0 us (1.0x), Avg.  14.0 us, Total. 13.99 us (0.0%)
[Performance] Application.Shutdown.InputShutdown                                                                             :        1 samples, Peak.  1.37 us (1.0x), Avg.  1.37 us, Total. 1.373 us (0.0%)
[Performance] Application.Shutdown.GizmoManagerDestroy                                                                       :        1 samples, Peak.   243 us (1.0x), Avg.   243 us, Total. 243.4 us (0.0%)
[Performance] Application.Shutdown.ProfilerSession                                                                           :        1 samples, Peak.   122 us (1.0x), Avg.   122 us, Total. 122.5 us (0.0%)
[Performance] Application.Shutdown.ReleaseGfxWindowOnAllGUIViews                                                             :        1 samples, Peak.  1.29 us (1.0x), Avg.  1.29 us, Total. 1.293 us (0.0%)
[Performance] Application.Shutdown.CleanupEngine                                                                             :        1 samples, Peak.  73.4 ms (1.0x), Avg.  73.4 ms, Total. 73.44 ms (0.0%)
[Performance] Application.Shutdown.CleanupAssetDatabase                                                                      :        1 samples, Peak.  1.59 ms (1.0x), Avg.  1.59 ms, Total. 1.589 ms (0.0%)
[Performance] Application.Shutdown.ScriptCompilationCleanUp                                                                  :        1 samples, Peak.  2.11 s (1.0x), Avg.  2.11 s, Total. 2.106 s (1.4%)
[Performance] Application.Shutdown.DestroyJobSystem                                                                          :        1 samples, Peak.   150 us (1.0x), Avg.   150 us, Total. 150.4 us (0.0%)
[Performance] Application.Shutdown.CleanupPersistentManager                                                                  :        1 samples, Peak.  1.01 ms (1.0x), Avg.  1.01 ms, Total. 1.009 ms (0.0%)
[Performance] Application.Shutdown.CleanupAsyncReadManager                                                                   :        1 samples, Peak.   129 us (1.0x), Avg.   129 us, Total. 129.2 us (0.0%)
[Performance] Application.Shutdown.CleanupMono                                                                               :        1 samples, Peak.  48.8 ms (1.0x), Avg.  48.8 ms, Total. 48.79 ms (0.0%)
[Performance] Application.Shutdown.CleanupStdConverters                                                                      :        1 samples, Peak.  13.8 us (1.0x), Avg.  13.8 us, Total. 13.78 us (0.0%)
[Performance] Application.Shutdown.UnloadAllPlatformSupportModuleNativeDlls                                                  :        1 samples, Peak.   571 ns (1.0x), Avg.   571 ns, Total. 571.0 ns (0.0%)
[Performance] Application.Shutdown.UnloadAllPlatformSupportNativeLibraries                                                   :        1 samples, Peak.   311 ns (1.0x), Avg.   311 ns, Total. 311.0 ns (0.0%)
[Performance] Application.Shutdown.CleanupAutoDocumentation                                                                  :        1 samples, Peak.   226 us (1.0x), Avg.   226 us, Total. 226.1 us (0.0%)
[Performance] Application.Shutdown.ShaderNameManagerDestroy                                                                  :        1 samples, Peak.  52.0 us (1.0x), Avg.  52.0 us, Total. 52.01 us (0.0%)
[Performance] Application.Shutdown.CleanupCacheServer                                                                        :        1 samples, Peak.   351 ns (1.0x), Avg.   351 ns, Total. 351.0 ns (0.0%)
[Performance] Application.Shutdown.Virtualization_Shutdown                                                                   :        1 samples, Peak.   401 ns (1.0x), Avg.   401 ns, Total. 401.0 ns (0.0%)
[Performance] Application.Shutdown.DevConnections                                                                            :        1 samples, Peak.  72.1 us (1.0x), Avg.  72.1 us, Total. 72.07 us (0.0%)
[Package Manager] Server::Kill -- Server was shutdown
Checking for leaked weakptr:
  Found no leaked weakptrs.
Memory Statistics:
[ALLOC_TEMP_TLS] TLS Allocator
  StackAllocators : 
    [ALLOC_TEMP_CurlRequest]
      Initial Block Size 64.0 KB
      Current Block Size 64.0 KB
      Peak Allocated Bytes 0 B
      Overflow Count 0
    [ALLOC_TEMP_MAIN]
      Initial Block Size 16.0 MB
      Current Block Size 16.3 MB
      Peak Allocated Bytes 9.5 MB
      Overflow Count 0
    [ALLOC_TEMP_Background Job.Worker 8]
      Initial Block Size 32.0 KB
      Current Block Size 32.0 KB
      Peak Allocated Bytes 0 B
      Overflow Count 0
    [ALLOC_TEMP_Background Job.Worker 10]
      Initial Block Size 32.0 KB
      Current Block Size 32.0 KB
      Peak Allocated Bytes 0 B
      Overflow Count 0
    [ALLOC_TEMP_Background Job.Worker 6]
      Initial Block Size 32.0 KB
      Current Block Size 32.0 KB
      Peak Allocated Bytes 0 B
      Overflow Count 0
    [ALLOC_TEMP_AUDIO_FMOD mixer thread]
      Initial Block Size 64.0 KB
      Current Block Size 64.0 KB
      Peak Allocated Bytes 0 B
      Overflow Count 0
    [ALLOC_TEMP_Background Job.Worker 1]
      Initial Block Size 32.0 KB
      Current Block Size 164.0 KB
      Peak Allocated Bytes 127.5 KB
      Overflow Count 0
    [ALLOC_TEMP_Background Job.Worker 11]
      Initial Block Size 32.0 KB
      Current Block Size 32.0 KB
      Peak Allocated Bytes 0 B
      Overflow Count 0
    [ALLOC_TEMP_Background Job.Worker 3]
      Initial Block Size 32.0 KB
      Current Block Size 32.0 KB
      Peak Allocated Bytes 0 B
      Overflow Count 0
    [ALLOC_TEMP_BatchDeleteObjects]
      Initial Block Size 64.0 KB
      Current Block Size 64.0 KB
      Peak Allocated Bytes 0 B
      Overflow Count 0
    [ALLOC_TEMP_AUDIO_FMOD stream thread]
      Initial Block Size 64.0 KB
      Current Block Size 64.0 KB
      Peak Allocated Bytes 0 B
      Overflow Count 0
    [ALLOC_TEMP_CoreBusinessMetricsCache]
      Initial Block Size 64.0 KB
      Current Block Size 64.0 KB
      Peak Allocated Bytes 8.0 KB
      Overflow Count 0
    [ALLOC_TEMP_REST Message Handler]
      Initial Block Size 64.0 KB
      Current Block Size 64.0 KB
      Peak Allocated Bytes 0 B
      Overflow Count 0
    [ALLOC_TEMP_AssetDatabase.IOService]
      Initial Block Size 64.0 KB
      Current Block Size 64.0 KB
      Peak Allocated Bytes 0 B
      Overflow Count 0
    [ALLOC_TEMP_BakingJobs.Worker 2]
      Initial Block Size 256.0 KB
      Current Block Size 256.0 KB
      Peak Allocated Bytes 0 B
      Overflow Count 0
    [ALLOC_TEMP_Background Job.Worker 2]
      Initial Block Size 32.0 KB
      Current Block Size 180.0 KB
      Peak Allocated Bytes 177.9 KB
      Overflow Count 0
    [ALLOC_TEMP_Background Job.Worker 7]
      Initial Block Size 32.0 KB
      Current Block Size 32.0 KB
      Peak Allocated Bytes 0 B
      Overflow Count 0
    [ALLOC_TEMP_Background Job.Worker 15]
      Initial Block Size 32.0 KB
      Current Block Size 32.0 KB
      Peak Allocated Bytes 0 B
      Overflow Count 0
    [ALLOC_TEMP_Job.Worker 1]
      Initial Block Size 256.0 KB
      Current Block Size 1.0 MB
      Peak Allocated Bytes 1.0 MB
      Overflow Count 0
    [ALLOC_TEMP_BakingJobs.Worker 0]
      Initial Block Size 256.0 KB
      Current Block Size 256.0 KB
      Peak Allocated Bytes 0 B
      Overflow Count 0
    [ALLOC_TEMP_BakingJobs.Worker 3]
      Initial Block Size 256.0 KB
      Current Block Size 256.0 KB
      Peak Allocated Bytes 0 B
      Overflow Count 0
    [ALLOC_TEMP_Loading.PreloadManager]
      Initial Block Size 32.0 MB
      Current Block Size 32.0 MB
      Peak Allocated Bytes 2.1 MB
      Overflow Count 0
    [ALLOC_TEMP_EditorTaskManager]
      Initial Block Size 64.0 KB
      Current Block Size 68.0 KB
      Peak Allocated Bytes 64.0 KB
      Overflow Count 0
    [ALLOC_TEMP_Profiler.Dispatcher]
      Initial Block Size 64.0 KB
      Current Block Size 64.0 KB
      Peak Allocated Bytes 0 B
      Overflow Count 0
    [ALLOC_TEMP_Background Job.Worker 12]
      Initial Block Size 32.0 KB
      Current Block Size 32.0 KB
      Peak Allocated Bytes 0 B
      Overflow Count 0
    [ALLOC_TEMP_HTTP REST Server]
      Initial Block Size 64.0 KB
      Current Block Size 64.0 KB
      Peak Allocated Bytes 73 B
      Overflow Count 0
    [ALLOC_TEMP_AssetGarbageCollectorHelper] x 3
      Initial Block Size 64.0 KB
      Current Block Size 64.0 KB
      Peak Allocated Bytes 0 B
      Overflow Count 0
    [ALLOC_TEMP_Background Job.Worker 5]
      Initial Block Size 32.0 KB
      Current Block Size 32.0 KB
      Peak Allocated Bytes 0 B
      Overflow Count 0
    [ALLOC_TEMP_Background Job.Worker 13]
      Initial Block Size 32.0 KB
      Current Block Size 32.0 KB
      Peak Allocated Bytes 0 B
      Overflow Count 0
    [ALLOC_TEMP_Job.Worker 2]
      Initial Block Size 256.0 KB
      Current Block Size 1.0 MB
      Peak Allocated Bytes 1.0 MB
      Overflow Count 0
    [ALLOC_TEMP_Background Job.Worker 0]
      Initial Block Size 32.0 KB
      Current Block Size 32.0 KB
      Peak Allocated Bytes 0 B
      Overflow Count 0
    [ALLOC_TEMP_Background Job.Worker 4]
      Initial Block Size 32.0 KB
      Current Block Size 32.0 KB
      Peak Allocated Bytes 0 B
      Overflow Count 0
    [ALLOC_TEMP_Job.Worker 0]
      Initial Block Size 256.0 KB
      Current Block Size 1.0 MB
      Peak Allocated Bytes 1.0 MB
      Overflow Count 0
    [ALLOC_TEMP_Background Job.Worker 9]
      Initial Block Size 32.0 KB
      Current Block Size 32.0 KB
      Peak Allocated Bytes 0 B
      Overflow Count 0
    [ALLOC_TEMP_Background Job.Worker 14]
      Initial Block Size 32.0 KB
      Current Block Size 32.0 KB
      Peak Allocated Bytes 0 B
      Overflow Count 0
    [ALLOC_TEMP_EnlightenWorker]
      Initial Block Size 64.0 KB
      Current Block Size 64.0 KB
      Peak Allocated Bytes 0 B
      Overflow Count 0
    [ALLOC_TEMP_BakingJobs.Worker 1]
      Initial Block Size 256.0 KB
      Current Block Size 256.0 KB
      Peak Allocated Bytes 312 B
      Overflow Count 0
    [ALLOC_TEMP_CloudJob.Worker 0]
      Initial Block Size 32.0 KB
      Current Block Size 32.0 KB
      Peak Allocated Bytes 3.4 KB
      Overflow Count 0
    [ALLOC_TEMP_Loading.AsyncRead]
      Initial Block Size 64.0 KB
      Current Block Size 64.0 KB
      Peak Allocated Bytes 128 B
      Overflow Count 0
[ALLOC_MEMORYPROFILER]
  Requested Block Size 1.0 MB
  Peak Block count 1
  Peak Allocated memory 106.1 KB
  Peak Large allocation bytes 0 B
[ALLOC_DEFAULT] Dual Thread Allocator
  Peak main deferred allocation count 29
    [ALLOC_BUCKET]
      Large Block size 32.0 MB
      Used Block count 1
      Peak Allocated bytes 5.6 MB
    [ALLOC_DEFAULT_MAIN]
      Requested Block Size 16.0 MB
      Peak Block count 6
      Peak Allocated memory 162.2 MB
      Peak Large allocation bytes 72.2 MB
    [ALLOC_DEFAULT_THREAD]
      Requested Block Size 16.0 MB
      Peak Block count 1
      Peak Allocated memory 4.2 MB
      Peak Large allocation bytes 0 B
[ALLOC_TEMP_JOB_1_FRAME]
  Initial Block Size 2.0 MB
  Used Block Count 0
  Overflow Count (too large) 0
  Overflow Count (full) 0
[ALLOC_TEMP_JOB_2_FRAMES]
  Initial Block Size 2.0 MB
  Used Block Count 0
  Overflow Count (too large) 0
  Overflow Count (full) 0
[ALLOC_TEMP_JOB_4_FRAMES (JobTemp)]
  Initial Block Size 2.0 MB
  Used Block Count 1
  Overflow Count (too large) 0
  Overflow Count (full) 0
[ALLOC_TEMP_JOB_ASYNC (Background)]
  Initial Block Size 1.0 MB
  Used Block Count 1
  Overflow Count (too large) 0
  Overflow Count (full) 0
[ALLOC_GFX] Dual Thread Allocator
  Peak main deferred allocation count 2
    [ALLOC_BUCKET]
      Large Block size 32.0 MB
      Used Block count 1
      Peak Allocated bytes 5.6 MB
    [ALLOC_GFX_MAIN]
      Requested Block Size 16.0 MB
      Peak Block count 1
      Peak Allocated memory 8.6 MB
      Peak Large allocation bytes 0 B
    [ALLOC_GFX_THREAD]
      Requested Block Size 16.0 MB
      Peak Block count 0
      Peak Allocated memory 0 B
      Peak Large allocation bytes 0 B
[ALLOC_CACHEOBJECTS] Dual Thread Allocator
  Peak main deferred allocation count 581
    [ALLOC_BUCKET]
      Large Block size 32.0 MB
      Used Block count 1
      Peak Allocated bytes 5.6 MB
    [ALLOC_CACHEOBJECTS_MAIN]
      Requested Block Size 4.0 MB
      Peak Block count 4
      Peak Allocated memory 22.4 MB
      Peak Large allocation bytes 10.7 MB
    [ALLOC_CACHEOBJECTS_THREAD]
      Requested Block Size 4.0 MB
      Peak Block count 1
      Peak Allocated memory 113.7 KB
      Peak Large allocation bytes 0 B
[ALLOC_TYPETREE] Dual Thread Allocator
  Peak main deferred allocation count 497
    [ALLOC_BUCKET]
      Large Block size 32.0 MB
      Used Block count 1
      Peak Allocated bytes 5.6 MB
    [ALLOC_TYPETREE_MAIN]
      Requested Block Size 2.0 MB
      Peak Block count 2
      Peak Allocated memory 3.5 MB
      Peak Large allocation bytes 0 B
    [ALLOC_TYPETREE_THREAD]
      Requested Block Size 2.0 MB
      Peak Block count 1
      Peak Allocated memory 47.4 KB
      Peak Large allocation bytes 0 B
[ALLOC_PROFILER]
  Requested Block Size 16.0 MB
  Peak Block count 1
  Peak Allocated memory 429.2 KB
  Peak Large allocation bytes 0 B
    [ALLOC_PROFILER_BUCKET]
      Large Block size 32.0 MB
      Used Block count 1
      Peak Allocated bytes 4.1 KB
[ALLOC_PROFILER_EDITOR]
  Requested Block Size 1.0 MB
  Peak Block count 0
  Peak Allocated memory 0 B
  Peak Large allocation bytes 0 B
    [ALLOC_PROFILER_BUCKET]
      Large Block size 32.0 MB
      Used Block count 1
      Peak Allocated bytes 4.1 KB
##utp:{"type":"MemoryLeaks","version":2,"phase":"Immediate","time":1791512362274,"processId":5455,"allocatedMemory":7847322,"memoryLabels":[{"Default":20071},{"Permanent":16353},{"Thread":1083236},{"Manager":19908},{"VertexData":12},{"Geometry":280},{"Texture":328},{"Shader":69263},{"Material":24},{"GfxDevice":36336},{"Animation":360},{"Audio":3976},{"FontEngine":336},{"Physics":513},{"Serialization":732},{"Input":26816},{"JobScheduler":34384},{"Mono":40},{"ScriptingNativeRuntime":191920},{"BaseObject":1629820},{"Resource":1064},{"Renderer":2352},{"Transform":48},{"File":3717},{"WebCam":40},{"Culling":40},{"Terrain":1025},{"Wind":24},{"String":21259},{"DynamicArray":56055},{"HashMap":64310},{"Utility":2659526},{"Curl":1112},{"PoolAlloc":1496},{"AI":72},{"TypeTree":5061},{"ScriptManager":640},{"RuntimeInitializeOnLoadManager":80},{"SpriteAtlas":128},{"GI":3632},{"Director":7928},{"CloudService":2360},{"WebRequest":720},{"VR":45769},{"SceneManager":600},{"Video":72},{"LazyScriptCache":40},{"NativeArray":12},{"Camera":25},{"Secure":5337},{"SerializationCache":1576},{"APIUpdating":11856},{"Subsystems":392},{"VirtualTexturing":57560},{"StaticSafetyDebugInfo":327680},{"EditorGui":56},{"EditorUtility":10359},{"VersionControl":4},{"Undo":736},{"AssetDatabase":1369399},{"RestService":1518},{"EditorGi":376},{"License":3584},{"UnityConnect":25496},{"Collab":641},{"Upm":1856},{"DrivenProperties":96},{"LocalIPC":216},{"ProfilerEditor":10951},{"CoreBusinessMetrics":3638},{"AssetReference":40},{"IPCStream":40}]}
