run 37935709653 attempt 1 event workflow_dispatch sha 22050cab8ea33b0545963903d473e5f381197c17 started 2026-10-09T13:17:02Z
secrets present
Filesystem      Size  Used Avail Use% Mounted on
/dev/root       145G   41G  104G  29% /
hub pass1: failure
ls: cannot access '/opt/unityhub': No such file or directory
-rwxrwxrwx 1 root root 1272 Oct  2 20:00 /usr/lib/unityhub/unityhub
-rwxrwxrwx 1 root root 1272 Oct  2 20:00 /opt/unityhub/unityhub
editor: /home/runner/Unity/Hub/Editor/2022.3.62f3/Editor/Unity
unity exit code: 0
src/unity/balloon-blast/build/WebGL:
total 24
drwxr-xr-x 4 runner runner 4096 Oct  9 13:22 .
drwxr-xr-x 3 runner runner 4096 Oct  9 13:22 ..
drwxr-xr-x 2 runner runner 4096 Oct  9 13:24 Build
drwxr-xr-x 2 runner runner 4096 Oct  9 13:22 TemplateData
-rw-r--r-- 1 runner runner 5411 Oct  9 13:22 index.html

src/unity/balloon-blast/build/WebGL/Build:
total 42456
drwxr-xr-x 2 runner runner     4096 Oct  9 13:24 .
drwxr-xr-x 4 runner runner     4096 Oct  9 13:22 ..
-rw-r--r-- 1 runner runner 10782578 Oct  9 13:23 WebGL.data
-rw-r--r-- 1 runner runner   420301 Oct  9 13:24 WebGL.framework.js
-rw-r--r-- 1 runner runner    20680 Oct  9 13:22 WebGL.loader.js
-rwxr-xr-x 1 runner runner 32231603 Oct  9 13:24 WebGL.wasm
published
=== step outcomes: secrets=success setup=success activate=success build=success publish=success
=== /home/runner/.config/unity3d/upm.log (tail 60)
[2026-10-09T13:22:18.129Z][INFO] Command-line: /home/runner/Unity/Hub/Editor/2022.3.62f3/Editor/Data/Resources/PackageManager/Server/UnityPackageManager -s 5464 -ipc -ipc-path /tmp/Unity-Upm-5464.sock -l 2
[2026-10-09T13:22:18.148Z][INFO] IPC server started (IPC path=/tmp/Unity-Upm-5464.sock).
[2026-10-09T13:22:18.148Z][INFO] Hint: To connect to this UPM instance, launch Unity with the command-line parameter -upmIpcPath Upm-5464.
[2026-10-09T13:22:18.411Z][INFO] project:resolve-packages <-- Request received
params: {}
[2026-10-09T13:22:18.651Z][INFO] Downloading package [com.unity.package-manager.metadata-2022.3@0.0.223] from registry 'https://packages.unity.com'
[2026-10-09T13:22:19.113Z][INFO] Finished downloading package [com.unity.package-manager.metadata-2022.3@0.0.223] from registry 'https://packages.unity.com' (11075 bytes in 462 ms)
[2026-10-09T13:22:19.778Z][INFO] Downloading package [com.unity.cloud.gltfast@6.14.1] from registry 'https://packages.unity.com'
[2026-10-09T13:22:19.779Z][INFO] Downloading package [com.unity.burst@1.8.24] from registry 'https://packages.unity.com'
[2026-10-09T13:22:19.780Z][INFO] Downloading package [com.unity.inputsystem@1.11.2] from registry 'https://packages.unity.com'
[2026-10-09T13:22:20.101Z][INFO] Finished downloading package [com.unity.cloud.gltfast@6.14.1] from registry 'https://packages.unity.com' (2162778 bytes in 323 ms)
[2026-10-09T13:22:20.453Z][INFO] Finished downloading package [com.unity.inputsystem@1.11.2] from registry 'https://packages.unity.com' (9207415 bytes in 672 ms)
[2026-10-09T13:22:26.116Z][INFO] Finished downloading package [com.unity.burst@1.8.24] from registry 'https://packages.unity.com' (469645774 bytes in 6337 ms)
[2026-10-09T13:22:40.926Z][WARN] Requested version [1.1.31] for package [com.unity.test-framework] overridden by minimum version [1.1.33].
[2026-10-09T13:22:40.928Z][INFO] project:resolve-packages --> 200 (22517 ms)
[2026-10-09T13:22:47.420Z][INFO] project:list-packages <-- Request received
params: {}
[2026-10-09T13:22:47.544Z][INFO] project:list-packages <-- Request received
params: {}
[2026-10-09T13:22:47.595Z][INFO] project:list-packages --> 200 (175 ms)
[2026-10-09T13:22:47.918Z][INFO] project:list-packages --> 200 (374 ms)
[2026-10-09T13:24:57.031Z][INFO] Received shutdown request (SIGINT), shutting down Unity Package Manager
=== /home/runner/.config/unity3d/Unity/Unity.Entitlements.Audit.log (tail 60)
2026-10-09 13:22:04.127 User Agent: [Hub 3.22.2], Protocol version: [1.18.3], Session Id: [a817ea0a58a147659e7c19d81fa253e4], Licensed Package: False, Entitlement requested: [com.unity.editor.access.xlts], Result: [granted: False, group: (null)]
2026-10-09 13:22:04.128 User Agent: [Hub 3.22.2], Protocol version: [1.18.3], Session Id: [a817ea0a58a147659e7c19d81fa253e4], Licensed Package: False, Entitlement requested: [com.unity.editor.access.u7-alpha], Result: [granted: False, group: (null)]
2026-10-09 13:22:04.148 User Agent: [Hub 3.22.2], Protocol version: [1.18.3], Session Id: [a817ea0a58a147659e7c19d81fa253e4], Licensed Package: False, Entitlement requested: [com.unity.editor.ui], Result: [granted: False, group: (null)]
2026-10-09 13:22:04.202 User Agent: [Hub 3.22.2], Protocol version: [1.18.3], Session Id: [a817ea0a58a147659e7c19d81fa253e4], Licensed Package: False, Entitlement requested: [com.unity.editor.access.xlts], Result: [granted: False, group: (null)]
2026-10-09 13:22:04.202 User Agent: [Hub 3.22.2], Protocol version: [1.18.3], Session Id: [a817ea0a58a147659e7c19d81fa253e4], Licensed Package: False, Entitlement requested: [com.unity.editor.access.u7-alpha], Result: [granted: False, group: (null)]
2026-10-09 13:22:07.707 User Agent: [Hub 3.22.2], Protocol version: [1.18.3], Session Id: [19262b61e69045198601c493c9234073], Licensed Package: False, Entitlement requested: [com.unity.editor.access.xlts], Result: [granted: False, group: (null)]
2026-10-09 13:22:07.707 User Agent: [Hub 3.22.2], Protocol version: [1.18.3], Session Id: [19262b61e69045198601c493c9234073], Licensed Package: False, Entitlement requested: [com.unity.editor.access.u7-alpha], Result: [granted: False, group: (null)]
2026-10-09 13:22:07.736 User Agent: [Hub 3.22.2], Protocol version: [1.18.3], Session Id: [19262b61e69045198601c493c9234073], Licensed Package: False, Entitlement requested: [com.unity.editor.ui], Result: [granted: False, group: (null)]
2026-10-09 13:22:07.771 User Agent: [Hub 3.22.2], Protocol version: [1.18.3], Session Id: [19262b61e69045198601c493c9234073], Licensed Package: False, Entitlement requested: [com.unity.editor.access.xlts], Result: [granted: False, group: (null)]
2026-10-09 13:22:07.772 User Agent: [Hub 3.22.2], Protocol version: [1.18.3], Session Id: [19262b61e69045198601c493c9234073], Licensed Package: False, Entitlement requested: [com.unity.editor.access.u7-alpha], Result: [granted: False, group: (null)]
2026-10-09 13:22:07.786 User Agent: [Hub 3.22.2], Protocol version: [1.18.3], Session Id: [19262b61e69045198601c493c9234073], Licensed Package: False, Entitlement requested: [com.unity.editor.ui], Result: [granted: False, group: (null)]
2026-10-09 13:22:07.832 User Agent: [Hub 3.22.2], Protocol version: [1.18.3], Session Id: [19262b61e69045198601c493c9234073], Licensed Package: False, Entitlement requested: [com.unity.editor.access.xlts], Result: [granted: False, group: (null)]
2026-10-09 13:22:07.833 User Agent: [Hub 3.22.2], Protocol version: [1.18.3], Session Id: [19262b61e69045198601c493c9234073], Licensed Package: False, Entitlement requested: [com.unity.editor.access.u7-alpha], Result: [granted: False, group: (null)]
2026-10-09 13:22:17.778 User Agent: [UnityEditor/2022.3.62f3 (Linux; U; Linux 6.1; C.UTF)], Protocol version: [1.16.2], Session Id: [4e590dd023914e1abe99cce73e86616b], Licensed Package: False, Entitlement requested: [com.unity.editor.legacy.pro], Result: [granted: False, group: (null)]
2026-10-09 13:22:17.778 User Agent: [UnityEditor/2022.3.62f3 (Linux; U; Linux 6.1; C.UTF)], Protocol version: [1.16.2], Session Id: [4e590dd023914e1abe99cce73e86616b], Licensed Package: False, Entitlement requested: [com.unity.editor.headless], Result: [granted: True, group: F4-8ZSX-9GVU-UVYS-4UAG-XXXX]
2026-10-09 13:22:17.795 User Agent: [UnityEditor/2022.3.62f3 (Linux; U; Linux 6.1; C.UTF)], Protocol version: [1.16.2], Session Id: [4e590dd023914e1abe99cce73e86616b], Licensed Package: False, Entitlement requested: [com.unity.editor.headless], Result: [granted: True, group: F4-8ZSX-9GVU-UVYS-4UAG-XXXX]
2026-10-09 13:22:17.795 User Agent: [UnityEditor/2022.3.62f3 (Linux; U; Linux 6.1; C.UTF)], Protocol version: [1.16.2], Session Id: [4e590dd023914e1abe99cce73e86616b], Licensed Package: False, Entitlement requested: [com.unity.editor.ui], Result: [granted: True, group: F4-8ZSX-9GVU-UVYS-4UAG-XXXX]
2026-10-09 13:22:18.176 User Agent: [UnityEditor/2022.3.62f3 (Linux; U; Linux 6.1; C.UTF)], Protocol version: [1.16.2], Session Id: [4e590dd023914e1abe99cce73e86616b], Licensed Package: False, Entitlement requested: [com.unity.cloud.gltfast], Result: [granted: True, group: (null)]
2026-10-09 13:22:18.176 User Agent: [UnityEditor/2022.3.62f3 (Linux; U; Linux 6.1; C.UTF)], Protocol version: [1.16.2], Session Id: [4e590dd023914e1abe99cce73e86616b], Licensed Package: False, Entitlement requested: [com.unity.inputsystem], Result: [granted: True, group: (null)]
2026-10-09 13:22:18.176 User Agent: [UnityEditor/2022.3.62f3 (Linux; U; Linux 6.1; C.UTF)], Protocol version: [1.16.2], Session Id: [4e590dd023914e1abe99cce73e86616b], Licensed Package: False, Entitlement requested: [com.unity.ugui], Result: [granted: True, group: (null)]
2026-10-09 13:22:18.176 User Agent: [UnityEditor/2022.3.62f3 (Linux; U; Linux 6.1; C.UTF)], Protocol version: [1.16.2], Session Id: [4e590dd023914e1abe99cce73e86616b], Licensed Package: False, Entitlement requested: [com.unity.modules.ai], Result: [granted: True, group: (null)]
2026-10-09 13:22:18.176 User Agent: [UnityEditor/2022.3.62f3 (Linux; U; Linux 6.1; C.UTF)], Protocol version: [1.16.2], Session Id: [4e590dd023914e1abe99cce73e86616b], Licensed Package: False, Entitlement requested: [com.unity.modules.animation], Result: [granted: True, group: (null)]
2026-10-09 13:22:18.176 User Agent: [UnityEditor/2022.3.62f3 (Linux; U; Linux 6.1; C.UTF)], Protocol version: [1.16.2], Session Id: [4e590dd023914e1abe99cce73e86616b], Licensed Package: False, Entitlement requested: [com.unity.modules.audio], Result: [granted: True, group: (null)]
2026-10-09 13:22:18.176 User Agent: [UnityEditor/2022.3.62f3 (Linux; U; Linux 6.1; C.UTF)], Protocol version: [1.16.2], Session Id: [4e590dd023914e1abe99cce73e86616b], Licensed Package: False, Entitlement requested: [com.unity.modules.imageconversion], Result: [granted: True, group: (null)]
2026-10-09 13:22:18.176 User Agent: [UnityEditor/2022.3.62f3 (Linux; U; Linux 6.1; C.UTF)], Protocol version: [1.16.2], Session Id: [4e590dd023914e1abe99cce73e86616b], Licensed Package: False, Entitlement requested: [com.unity.modules.imgui], Result: [granted: True, group: (null)]
2026-10-09 13:22:18.177 User Agent: [UnityEditor/2022.3.62f3 (Linux; U; Linux 6.1; C.UTF)], Protocol version: [1.16.2], Session Id: [4e590dd023914e1abe99cce73e86616b], Licensed Package: False, Entitlement requested: [com.unity.modules.jsonserialize], Result: [granted: True, group: (null)]
2026-10-09 13:22:18.177 User Agent: [UnityEditor/2022.3.62f3 (Linux; U; Linux 6.1; C.UTF)], Protocol version: [1.16.2], Session Id: [4e590dd023914e1abe99cce73e86616b], Licensed Package: False, Entitlement requested: [com.unity.modules.particlesystem], Result: [granted: True, group: (null)]
2026-10-09 13:22:18.177 User Agent: [UnityEditor/2022.3.62f3 (Linux; U; Linux 6.1; C.UTF)], Protocol version: [1.16.2], Session Id: [4e590dd023914e1abe99cce73e86616b], Licensed Package: False, Entitlement requested: [com.unity.modules.physics], Result: [granted: True, group: (null)]
2026-10-09 13:22:18.177 User Agent: [UnityEditor/2022.3.62f3 (Linux; U; Linux 6.1; C.UTF)], Protocol version: [1.16.2], Session Id: [4e590dd023914e1abe99cce73e86616b], Licensed Package: False, Entitlement requested: [com.unity.modules.terrain], Result: [granted: True, group: (null)]
2026-10-09 13:22:18.177 User Agent: [UnityEditor/2022.3.62f3 (Linux; U; Linux 6.1; C.UTF)], Protocol version: [1.16.2], Session Id: [4e590dd023914e1abe99cce73e86616b], Licensed Package: False, Entitlement requested: [com.unity.modules.terrainphysics], Result: [granted: True, group: (null)]
2026-10-09 13:22:18.177 User Agent: [UnityEditor/2022.3.62f3 (Linux; U; Linux 6.1; C.UTF)], Protocol version: [1.16.2], Session Id: [4e590dd023914e1abe99cce73e86616b], Licensed Package: False, Entitlement requested: [com.unity.modules.ui], Result: [granted: True, group: (null)]
2026-10-09 13:22:18.177 User Agent: [UnityEditor/2022.3.62f3 (Linux; U; Linux 6.1; C.UTF)], Protocol version: [1.16.2], Session Id: [4e590dd023914e1abe99cce73e86616b], Licensed Package: False, Entitlement requested: [com.unity.modules.uielements], Result: [granted: True, group: (null)]
2026-10-09 13:22:18.177 User Agent: [UnityEditor/2022.3.62f3 (Linux; U; Linux 6.1; C.UTF)], Protocol version: [1.16.2], Session Id: [4e590dd023914e1abe99cce73e86616b], Licensed Package: False, Entitlement requested: [com.unity.modules.umbra], Result: [granted: True, group: (null)]
2026-10-09 13:22:18.177 User Agent: [UnityEditor/2022.3.62f3 (Linux; U; Linux 6.1; C.UTF)], Protocol version: [1.16.2], Session Id: [4e590dd023914e1abe99cce73e86616b], Licensed Package: False, Entitlement requested: [com.unity.modules.unitywebrequest], Result: [granted: True, group: (null)]
2026-10-09 13:22:18.177 User Agent: [UnityEditor/2022.3.62f3 (Linux; U; Linux 6.1; C.UTF)], Protocol version: [1.16.2], Session Id: [4e590dd023914e1abe99cce73e86616b], Licensed Package: False, Entitlement requested: [com.unity.modules.unitywebrequestassetbundle], Result: [granted: True, group: (null)]
2026-10-09 13:22:18.177 User Agent: [UnityEditor/2022.3.62f3 (Linux; U; Linux 6.1; C.UTF)], Protocol version: [1.16.2], Session Id: [4e590dd023914e1abe99cce73e86616b], Licensed Package: False, Entitlement requested: [com.unity.modules.unitywebrequesttexture], Result: [granted: True, group: (null)]
2026-10-09 13:22:18.177 User Agent: [UnityEditor/2022.3.62f3 (Linux; U; Linux 6.1; C.UTF)], Protocol version: [1.16.2], Session Id: [4e590dd023914e1abe99cce73e86616b], Licensed Package: False, Entitlement requested: [com.unity.modules.unitywebrequestwww], Result: [granted: True, group: (null)]
2026-10-09 13:22:18.177 User Agent: [UnityEditor/2022.3.62f3 (Linux; U; Linux 6.1; C.UTF)], Protocol version: [1.16.2], Session Id: [4e590dd023914e1abe99cce73e86616b], Licensed Package: False, Entitlement requested: [com.unity.modules.unitywebrequestaudio], Result: [granted: True, group: (null)]
2026-10-09 13:22:18.177 User Agent: [UnityEditor/2022.3.62f3 (Linux; U; Linux 6.1; C.UTF)], Protocol version: [1.16.2], Session Id: [4e590dd023914e1abe99cce73e86616b], Licensed Package: False, Entitlement requested: [com.unity.modules.assetbundle], Result: [granted: True, group: (null)]
2026-10-09 13:22:18.177 User Agent: [UnityEditor/2022.3.62f3 (Linux; U; Linux 6.1; C.UTF)], Protocol version: [1.16.2], Session Id: [4e590dd023914e1abe99cce73e86616b], Licensed Package: False, Entitlement requested: [com.unity.burst], Result: [granted: True, group: (null)]
2026-10-09 13:22:18.177 User Agent: [UnityEditor/2022.3.62f3 (Linux; U; Linux 6.1; C.UTF)], Protocol version: [1.16.2], Session Id: [4e590dd023914e1abe99cce73e86616b], Licensed Package: False, Entitlement requested: [com.unity.collections], Result: [granted: True, group: (null)]
2026-10-09 13:22:18.177 User Agent: [UnityEditor/2022.3.62f3 (Linux; U; Linux 6.1; C.UTF)], Protocol version: [1.16.2], Session Id: [4e590dd023914e1abe99cce73e86616b], Licensed Package: False, Entitlement requested: [com.unity.mathematics], Result: [granted: True, group: (null)]
2026-10-09 13:22:18.177 User Agent: [UnityEditor/2022.3.62f3 (Linux; U; Linux 6.1; C.UTF)], Protocol version: [1.16.2], Session Id: [4e590dd023914e1abe99cce73e86616b], Licensed Package: False, Entitlement requested: [com.unity.test-framework], Result: [granted: True, group: (null)]
2026-10-09 13:22:18.177 User Agent: [UnityEditor/2022.3.62f3 (Linux; U; Linux 6.1; C.UTF)], Protocol version: [1.16.2], Session Id: [4e590dd023914e1abe99cce73e86616b], Licensed Package: False, Entitlement requested: [com.unity.ext.nunit], Result: [granted: True, group: (null)]
2026-10-09 13:22:41.040 User Agent: [UnityEditor/2022.3.62f3 (Linux; U; Linux 6.1; C.UTF)], Protocol version: [1.16.2], Session Id: [4e590dd023914e1abe99cce73e86616b], Licensed Package: False, Entitlement requested: [com.unity.editor.cluster], Result: [granted: False, group: (null)]
2026-10-09 13:22:41.040 User Agent: [UnityEditor/2022.3.62f3 (Linux; U; Linux 6.1; C.UTF)], Protocol version: [1.16.2], Session Id: [4e590dd023914e1abe99cce73e86616b], Licensed Package: False, Entitlement requested: [com.unity.editor.headless], Result: [granted: True, group: F4-8ZSX-9GVU-UVYS-4UAG-XXXX]
2026-10-09 13:22:41.699 User Agent: [UnityEditor/2022.3.62f3 (Linux; U; Linux 6.1; C.UTF)], Protocol version: [1.16.2], Session Id: [4e590dd023914e1abe99cce73e86616b], Licensed Package: False, Entitlement requested: [com.unity.editor.legacy.pro], Result: [granted: False, group: (null)]
2026-10-09 13:22:41.699 User Agent: [UnityEditor/2022.3.62f3 (Linux; U; Linux 6.1; C.UTF)], Protocol version: [1.16.2], Session Id: [4e590dd023914e1abe99cce73e86616b], Licensed Package: False, Entitlement requested: [com.unity.editor.watermarks.disable], Result: [granted: False, group: (null)]
2026-10-09 13:22:41.699 User Agent: [UnityEditor/2022.3.62f3 (Linux; U; Linux 6.1; C.UTF)], Protocol version: [1.16.2], Session Id: [4e590dd023914e1abe99cce73e86616b], Licensed Package: False, Entitlement requested: [com.unity.editor.watermarks.prototyping], Result: [granted: False, group: (null)]
2026-10-09 13:22:41.699 User Agent: [UnityEditor/2022.3.62f3 (Linux; U; Linux 6.1; C.UTF)], Protocol version: [1.16.2], Session Id: [4e590dd023914e1abe99cce73e86616b], Licensed Package: False, Entitlement requested: [com.unity.editor.watermarks.edu], Result: [granted: False, group: (null)]
2026-10-09 13:22:41.699 User Agent: [UnityEditor/2022.3.62f3 (Linux; U; Linux 6.1; C.UTF)], Protocol version: [1.16.2], Session Id: [4e590dd023914e1abe99cce73e86616b], Licensed Package: False, Entitlement requested: [com.unity.editor.watermarks.trial], Result: [granted: False, group: (null)]
2026-10-09 13:22:41.699 User Agent: [UnityEditor/2022.3.62f3 (Linux; U; Linux 6.1; C.UTF)], Protocol version: [1.16.2], Session Id: [4e590dd023914e1abe99cce73e86616b], Licensed Package: False, Entitlement requested: [com.unity.editor.time-limited-license], Result: [granted: False, group: (null)]
2026-10-09 13:22:41.699 User Agent: [UnityEditor/2022.3.62f3 (Linux; U; Linux 6.1; C.UTF)], Protocol version: [1.16.2], Session Id: [4e590dd023914e1abe99cce73e86616b], Licensed Package: False, Entitlement requested: [com.unity.editor.cluster], Result: [granted: False, group: (null)]
2026-10-09 13:22:41.699 User Agent: [UnityEditor/2022.3.62f3 (Linux; U; Linux 6.1; C.UTF)], Protocol version: [1.16.2], Session Id: [4e590dd023914e1abe99cce73e86616b], Licensed Package: False, Entitlement requested: [com.unity.editor.headless], Result: [granted: True, group: F4-8ZSX-9GVU-UVYS-4UAG-XXXX]
2026-10-09 13:22:49.072 User Agent: [UnityEditor/2022.3.62f3 (Linux; U; Linux 6.1; C.UTF)], Protocol version: [1.16.2], Session Id: [4e590dd023914e1abe99cce73e86616b], Licensed Package: False, Entitlement requested: [com.unity.editor.legacy.pro], Result: [granted: False, group: (null)]
2026-10-09 13:22:49.072 User Agent: [UnityEditor/2022.3.62f3 (Linux; U; Linux 6.1; C.UTF)], Protocol version: [1.16.2], Session Id: [4e590dd023914e1abe99cce73e86616b], Licensed Package: False, Entitlement requested: [com.unity.editor.watermarks.edu], Result: [granted: False, group: (null)]
2026-10-09 13:22:49.072 User Agent: [UnityEditor/2022.3.62f3 (Linux; U; Linux 6.1; C.UTF)], Protocol version: [1.16.2], Session Id: [4e590dd023914e1abe99cce73e86616b], Licensed Package: False, Entitlement requested: [com.unity.editor.ui], Result: [granted: True, group: F4-8ZSX-9GVU-UVYS-4UAG-XXXX]
2026-10-09 13:22:49.072 User Agent: [UnityEditor/2022.3.62f3 (Linux; U; Linux 6.1; C.UTF)], Protocol version: [1.16.2], Session Id: [4e590dd023914e1abe99cce73e86616b], Licensed Package: False, Entitlement requested: [com.unity.editor.disable-splash-screen], Result: [granted: False, group: (null)]
2026-10-09 13:22:49.072 User Agent: [UnityEditor/2022.3.62f3 (Linux; U; Linux 6.1; C.UTF)], Protocol version: [1.16.2], Session Id: [4e590dd023914e1abe99cce73e86616b], Licensed Package: False, Entitlement requested: [com.unity.editor.watermarks.trial], Result: [granted: False, group: (null)]
2026-10-09 13:22:49.072 User Agent: [UnityEditor/2022.3.62f3 (Linux; U; Linux 6.1; C.UTF)], Protocol version: [1.16.2], Session Id: [4e590dd023914e1abe99cce73e86616b], Licensed Package: False, Entitlement requested: [com.unity.editor.headless], Result: [granted: True, group: F4-8ZSX-9GVU-UVYS-4UAG-XXXX]
=== /home/runner/.config/unity3d/Unity/Unity.Licensing.Client.log (tail 60)
2026-10-09 13:22:16.366 - [  5470] - [    11] - INFO  - [Unity.Licensing.Client.MultiClientPipeServer] Named pipe server started
2026-10-09 13:22:16.366 - [  5470] - [.NET Long Running Task] - INFO  - [Unity.Licensing.Client.MultiClientPipeServer] Waiting for a connection (pipe #1)
2026-10-09 13:22:16.366 - [  5470] - [    11] - INFO  - [Unity.Licensing.Client.Communication.Notifications.NotificationsPipeServer] Starting named pipe server (on thread: 11)
2026-10-09 13:22:16.367 - [  5470] - [.NET Long Running Task] - INFO  - [Unity.Licensing.Client.Communication.Notifications.NotificationsPipeServer] Waiting for a connection (pipe #1)
2026-10-09 13:22:16.367 - [  5470] - [    11] - INFO  - [Unity.Licensing.Client.Communication.Notifications.NotificationsPipeServer] Named pipe server started
2026-10-09 13:22:16.371 - [  5470] - [    13] - INFO  - [Unity.Licensing.Client.Services.Package.PackageService] Getting PACL from remote uri: "https://license.unity3d.com/licenses/v1/packages/acl" ...
2026-10-09 13:22:16.380 - [  5470] - [    13] - INFO  - [Unity.Licensing.Client.Services.Package.PackageService] Local PACL revision: 53
2026-10-09 13:22:16.427 - [  5470] - [.NET Long Running Task] - INFO  - [Unity.Licensing.Client.MultiClientPipeServer] Waiting for a connection (pipe #2)
2026-10-09 13:22:16.431 - [  5470] - [    21] - INFO  - [Unity.Licensing.Client.Communication.ApiPipeHandler#1] new pipe session: 4e590dd023914e1abe99cce73e86616b
2026-10-09 13:22:16.432 - [  5470] - [    21] - INFO  - [Unity.Licensing.Client.MultiClientPipeServer] A new client is connecting (pipe #1)
2026-10-09 13:22:16.433 - [  5470] - [    21] - INFO  - [Unity.Licensing.Client.Communication.ApiPipeHandler#1] Start accepting requests
2026-10-09 13:22:16.470 - [  5470] - [    21] - INFO  - [Unity.Licensing.Client.Communication.Controllers.HandshakeController] Received handshake from: UnityEditor/2022.3.62f3 (Linux; U; Linux 6.1; C.UTF) (LocalIPC/1.16.2)
2026-10-09 13:22:16.481 - [  5470] - [    21] - INFO  - [Unity.Licensing.Client.Communication.ApiPipeHandler#1] REQ-1 | Sending HandshakeResponse for request HandshakeRequest from UnityEditor/2022.3.62f3 (Linux; U; Linux 6.1; C.UTF) (LocalIPC/1.16.2) [200]:  Handshake successful
2026-10-09 13:22:16.482 - [  5470] - [.NET Long Running Task] - INFO  - [Unity.Licensing.Client.Communication.Notifications.NotificationsPipeServer] Waiting for a connection (pipe #2)
2026-10-09 13:22:16.483 - [  5470] - [    17] - INFO  - [Unity.Licensing.Client.Communication.Notifications.NotificationsPipeServer] A new client is connecting (pipe #1)
2026-10-09 13:22:16.498 - [  5470] - [    21] - INFO  - [Unity.Licensing.Client.Services.Licensing.GenesisLicensingService] [fec01650e2a34442b681ba48166b5f53] Starting Ulf transaction for UPDATE operation
2026-10-09 13:22:16.526 - [  5470] - [    21] - INFO  - [Unity.Licensing.Client.Services.Licensing.GenesisLicensingService] Attempting to contact genesis update license api
2026-10-09 13:22:16.529 - [  5470] - [    21] - WARN  - [Unity.Licensing.Client.Services.Licensing.GenesisLicensingService] Failed to update license file. [Code: 401] Token not found in cache
2026-10-09 13:22:16.641 - [  5470] - [     6] - WARN  - [PackageService.HttpRequests] Handled response: [304 | Not Modified | ] from request: [GET | https://license.unity3d.com/licenses/v1/packages/acl | ]
2026-10-09 13:22:16.644 - [  5470] - [     6] - INFO  - [Unity.Licensing.Client.Services.Package.PackageService] Skipping download. No difference between local and remote ETag (uri: "https://license.unity3d.com/licenses/v1/packages/acl", ETag: "59dd73d01930d363b853e88a531ae9c5")
2026-10-09 13:22:16.644 - [  5470] - [     6] - INFO  - [Unity.Licensing.Client.Services.Package.PackageEnforcer] Successfully updated PACL file after 1 attempt(s). Next update in 24.00 hours.
2026-10-09 13:22:16.645 - [  5470] - [     6] - INFO  - [Unity.Licensing.Client.Services.Package.PackageEnforcer] Loading remote PACL, revision: 53, version: 1.0
2026-10-09 13:22:17.731 - [  5470] - [    13] - INFO  - [Unity.Licensing.Platform.Permissions.PermissionService] Ensuring path with permissions: /home/runner/.local/share/unity3d/Unity/Unity_lic.ulf
2026-10-09 13:22:17.740 - [  5470] - [     8] - INFO  - [Unity.Licensing.Client.Services.Licensing.GenesisLicensingService] [fec01650e2a34442b681ba48166b5f53] ULF license updated successfully
2026-10-09 13:22:17.742 - [  5470] - [     6] - INFO  - [Unity.Licensing.Client.Services.EntitlementResolverProvider] OnLicenseDirUpdate
2026-10-09 13:22:17.743 - [  5470] - [     6] - INFO  - [Unity.Licensing.Client.Services.EntitlementResolverProvider] License file change detected. Reloading the resolver
2026-10-09 13:22:17.750 - [  5470] - [    21] - INFO  - [Unity.Licensing.Client.Services.Helpers.LicenseFilesMapper] Successfully parsed (ULF) license /home/runner/.local/share/unity3d/Unity/Unity_lic.ulf
2026-10-09 13:22:17.750 - [  5470] - [    21] - INFO  - [Unity.Licensing.Client.Services.EntitlementResolverProvider] Rebuilding resolvers from local files:  /home/runner/.local/share/unity3d/Unity/Unity_lic.ulf
2026-10-09 13:22:17.750 - [  5470] - [    21] - INFO  - [Unity.Licensing.Client.Services.EntitlementResolverProvider] Processing ULF license /home/runner/.local/share/unity3d/Unity/Unity_lic.ulf
2026-10-09 13:22:17.751 - [  5470] - [    21] - INFO  - [Unity.Licensing.Client.Services.EntitlementResolverProvider] Processed 1 license files in 00:00:00.0000609
2026-10-09 13:22:17.757 - [  5470] - [    21] - INFO  - [Unity.Licensing.Client.Services.LicenseOfflineValidityEndingPeriodicNotifierService] OnEntitlementResolverUpdated, will restart timer
2026-10-09 13:22:17.757 - [  5470] - [    21] - ERROR - [Unity.Licensing.Client.Communication.Controllers.UpdateLicenseController] assigned update failed. Details: Token not found in cache
2026-10-09 13:22:17.759 - [  5470] - [    21] - INFO  - [Unity.Licensing.Client.Communication.ApiPipeHandler#1] REQ-2 | Sending UpdateLicenseResponse for request UpdateLicenseRequest from UnityEditor/2022.3.62f3 (Linux; U; Linux 6.1; C.UTF) (LocalIPC/1.16.2) [200]:  Licenses updated.
2026-10-09 13:22:17.761 - [  5470] - [     8] - INFO  - [Unity.Licensing.Client.Services.LicenseOfflineValidityEndingPeriodicNotifierService] Will execute periodic notification again in 00:30:00
2026-10-09 13:22:17.778 - [  5470] - [    21] - INFO  - [Unity.Licensing.Client.Communication.Controllers.EntitlementDetailsController] Finished handling EntitlementDetails request
2026-10-09 13:22:17.784 - [  5470] - [    21] - INFO  - [Unity.Licensing.Client.Communication.ApiPipeHandler#1] REQ-3 | Sending EntitlementDetailsResponse for request EntitlementDetailsRequest from UnityEditor/2022.3.62f3 (Linux; U; Linux 6.1; C.UTF) (LocalIPC/1.16.2) [200]:  Found 1 entitlement groups and 0 free entitlements matching requested entitlement ids
2026-10-09 13:22:17.795 - [  5470] - [    21] - INFO  - [Unity.Licensing.Client.Communication.Controllers.EntitlementDetailsController] Finished handling EntitlementDetails request
2026-10-09 13:22:17.796 - [  5470] - [    21] - INFO  - [Unity.Licensing.Client.Communication.ApiPipeHandler#1] REQ-4 | Sending EntitlementDetailsResponse for request EntitlementDetailsRequest from UnityEditor/2022.3.62f3 (Linux; U; Linux 6.1; C.UTF) (LocalIPC/1.16.2) [200]:  Found 1 entitlement groups and 0 free entitlements matching requested entitlement ids
2026-10-09 13:22:18.177 - [  5470] - [    21] - INFO  - [Unity.Licensing.Client.Communication.Controllers.EntitlementDetailsController] Finished handling EntitlementDetails request
2026-10-09 13:22:18.178 - [  5470] - [    21] - INFO  - [Unity.Licensing.Client.Communication.ApiPipeHandler#1] REQ-5 | Sending EntitlementDetailsResponse for request EntitlementDetailsRequest from UnityEditor/2022.3.62f3 (Linux; U; Linux 6.1; C.UTF) (LocalIPC/1.16.2) [200]:  Found 0 entitlement groups and 27 free entitlements matching requested entitlement ids
2026-10-09 13:22:41.040 - [  5470] - [    21] - INFO  - [Unity.Licensing.Client.Communication.Controllers.EntitlementDetailsController] Finished handling EntitlementDetails request
2026-10-09 13:22:41.040 - [  5470] - [    21] - INFO  - [Unity.Licensing.Client.Communication.ApiPipeHandler#1] REQ-6 | Sending EntitlementDetailsResponse for request EntitlementDetailsRequest from UnityEditor/2022.3.62f3 (Linux; U; Linux 6.1; C.UTF) (LocalIPC/1.16.2) [200]:  Found 1 entitlement groups and 0 free entitlements matching requested entitlement ids
2026-10-09 13:22:41.699 - [  5470] - [    21] - INFO  - [Unity.Licensing.Client.Communication.Controllers.EntitlementDetailsController] Finished handling EntitlementDetails request
2026-10-09 13:22:41.699 - [  5470] - [    21] - INFO  - [Unity.Licensing.Client.Communication.ApiPipeHandler#1] REQ-7 | Sending EntitlementDetailsResponse for request EntitlementDetailsRequest from UnityEditor/2022.3.62f3 (Linux; U; Linux 6.1; C.UTF) (LocalIPC/1.16.2) [200]:  Found 1 entitlement groups and 0 free entitlements matching requested entitlement ids
2026-10-09 13:22:49.072 - [  5470] - [    21] - INFO  - [Unity.Licensing.Client.Communication.Controllers.EntitlementDetailsController] Finished handling EntitlementDetails request
2026-10-09 13:22:49.072 - [  5470] - [    21] - INFO  - [Unity.Licensing.Client.Communication.ApiPipeHandler#1] REQ-8 | Sending EntitlementDetailsResponse for request EntitlementDetailsRequest from UnityEditor/2022.3.62f3 (Linux; U; Linux 6.1; C.UTF) (LocalIPC/1.16.2) [200]:  Found 1 entitlement groups and 0 free entitlements matching requested entitlement ids
2026-10-09 13:24:57.047 - [  5470] - [     6] - INFO  - [Unity.Licensing.Client.Communication.Notifications.NotificationsPipeHandler#1] Notification channel with sessionId: 02d2915a1faa4635a0677992530d76e8 is shutting down
2026-10-09 13:24:57.047 - [  5470] - [     6] - INFO  - [Unity.Licensing.Client.Communication.Notifications.NotificationsPipeServer] Connection closed (pipe #1)
2026-10-09 13:24:57.048 - [  5470] - [    21] - INFO  - [Unity.Licensing.Client.Communication.ApiPipeHandler#1] Detected client disconnect
2026-10-09 13:24:57.048 - [  5470] - [    21] - INFO  - [Unity.Licensing.Client.Communication.ApiPipeHandler#1] End accepting requests
2026-10-09 13:24:57.048 - [  5470] - [    21] - INFO  - [Unity.Licensing.Client.MultiClientPipeServer] Connection closed (pipe #1)
2026-10-09 13:24:57.049 - [  5470] - [    21] - INFO  - [Unity.Licensing.Client.Services.LicensingOrchestrator] Last active session ended.
2026-10-09 13:24:57.049 - [  5470] - [    21] - INFO  - [Unity.Licensing.Client.PipeServerExecutor] Starting licensing client's exit timer
2026-10-09 13:24:57.049 - [  5470] - [    21] - INFO  - [Unity.Licensing.Client.Communication.ApiPipeHandler#1] Disposing named pipe
2026-10-09 13:24:57.049 - [  5470] - [    11] - INFO  - [Unity.Licensing.Client.MultiClientPipeServer] Named pipe server is shutting down (thread: 11)
2026-10-09 13:24:57.050 - [  5470] - [    21] - INFO  - [Unity.Licensing.Client.Communication.ApiPipeHandler#1] Disposing named pipe
2026-10-09 13:24:57.051 - [  5470] - [    11] - INFO  - [Unity.Licensing.Client.MultiClientPipeServer] Named pipe server has shutdown
2026-10-09 13:24:57.051 - [  5470] - [    11] - INFO  - [Unity.Licensing.Client.Communication.Notifications.NotificationsPipeServer] Named pipe server is shutting down (thread: 11)
2026-10-09 13:24:57.052 - [  5470] - [    11] - INFO  - [Unity.Licensing.Client.Communication.Notifications.NotificationsPipeServer] Named pipe server has shutdown
2026-10-09 13:24:57.053 - [  5470] - [    10] - INFO  - [Unity.Licensing.Client.PipeServerExecutor] Releasing mutex Unity-LicenseClient-runner (thread: 10)
=== error lines
10:[Licensing::Module] Trying to connect to existing licensing client channel...
11:[Licensing::IpcConnector] Channel LicenseClient-runner doesn't exist
12:[Licensing::Module] Successfully launched the LicensingClient (PId: 5470)
13:[Licensing::IpcConnector] Successfully connected to: "LicenseClient-runner" at "2026-10-09T13:22:16.42624Z"
15:[Licensing::Client] Handshaking with LicensingClient:
21:[Licensing::Module] Successfully connected to LicensingClient on channel: "LicenseClient-runner" (connect: 0.57s, validation: 0.06s, handshake: 0.00s)
22:[Licensing::IpcConnector] Successfully connected to: "LicenseClient-runner-notifications" at "2026-10-09T13:22:16.482115Z"
23:[Licensing::Module] Connected to LicensingClient (PId: 5470, launch time: 0.00, total connection time: 0.62s)
24:[Licensing::Module] Error: Access token is unavailable; failed to update
25:[Licensing::Client] Successfully updated license
26:[Licensing::Client] Successfully resolved entitlement details
27:[Licensing::Module] Serial number assigned to: "F4-8ZSX-9GVU-UVYS-4UAG-XXXX"
28:Pro License: NO
30:[Licensing::Client] Successfully resolved entitlement details
42:BuildScript.BuildWebGL
90:[Licensing::Client] Successfully resolved entitlement details
122:ALSA lib conf.c:5208:(_snd_config_evaluate) function snd_func_card_inum returned error: No such file or directory
124:ALSA lib conf.c:5208:(_snd_config_evaluate) function snd_func_concat returned error: No such file or directory
126:ALSA lib conf.c:5208:(_snd_config_evaluate) function snd_func_refer returned error: No such file or directory
127:ALSA lib conf.c:5731:(snd_config_expand) Evaluate error: No such file or directory
129:FMOD failed to initialize the output device.: "Error initializing output device. " (60)
132:ALSA lib conf.c:5208:(_snd_config_evaluate) function snd_func_card_inum returned error: No such file or directory
134:ALSA lib conf.c:5208:(_snd_config_evaluate) function snd_func_concat returned error: No such file or directory
136:ALSA lib conf.c:5208:(_snd_config_evaluate) function snd_func_refer returned error: No such file or directory
137:ALSA lib conf.c:5731:(snd_config_expand) Evaluate error: No such file or directory
139:FMOD failed to initialize the output device.: "Error initializing output device. " (60)
192:[Licensing::Client] Successfully resolved entitlement details
244:[Licensing::Client] Successfully resolved entitlement details
373:Start importing Assets/Editor/BuildScript.cs using Guid(39938fcd62b18d9a7a81e0bf6a026e83) Importer(-1,00000000000000000000000000000000) [PhysX] Initialized MultithreadedTaskDispatcher with 4 workers.
415:BuildScript:SetInputHandler () (at Assets/Editor/BuildScript.cs:99)
416:InputHandlerSetter:.cctor () (at Assets/Editor/BuildScript.cs:16)
420:(Filename: Assets/Editor/BuildScript.cs Line: 99)
669:[Licensing::Client] Successfully resolved entitlement details
681:BuildScript: start, Unity 2022.3.62f3
686:BuildScript:Run () (at Assets/Editor/BuildScript.cs:45)
687:BuildScript:BuildWebGL () (at Assets/Editor/BuildScript.cs:32)
689:(Filename: Assets/Editor/BuildScript.cs Line: 45)
698:BuildScript:SetStatic (System.Type,string,object) (at Assets/Editor/BuildScript.cs:108)
699:BuildScript:ConfigurePlayer () (at Assets/Editor/BuildScript.cs:132)
700:BuildScript:Run () (at Assets/Editor/BuildScript.cs:50)
701:BuildScript:BuildWebGL () (at Assets/Editor/BuildScript.cs:32)
703:(Filename: Assets/Editor/BuildScript.cs Line: 108)
710:BuildScript:SetStatic (System.Type,string,object) (at Assets/Editor/BuildScript.cs:108)
711:BuildScript:ConfigurePlayer () (at Assets/Editor/BuildScript.cs:133)
712:BuildScript:Run () (at Assets/Editor/BuildScript.cs:50)
713:BuildScript:BuildWebGL () (at Assets/Editor/BuildScript.cs:32)
715:(Filename: Assets/Editor/BuildScript.cs Line: 108)
754:BuildScript: HDRI sky
759:BuildScript:CreateScene () (at Assets/Editor/BuildScript.cs:205)
760:BuildScript:Run () (at Assets/Editor/BuildScript.cs:54)
761:BuildScript:BuildWebGL () (at Assets/Editor/BuildScript.cs:32)
763:(Filename: Assets/Editor/BuildScript.cs Line: 205)
765:BuildScript: FF/Skin shader
770:BuildScript:ShaderMat (string,string) (at Assets/Editor/BuildScript.cs:177)
771:BuildScript:CreateScene () (at Assets/Editor/BuildScript.cs:219)
772:BuildScript:Run () (at Assets/Editor/BuildScript.cs:54)
773:BuildScript:BuildWebGL () (at Assets/Editor/BuildScript.cs:32)
775:(Filename: Assets/Editor/BuildScript.cs Line: 177)
780:BuildScript: FF/Foliage shader
785:BuildScript:ShaderMat (string,string) (at Assets/Editor/BuildScript.cs:177)
786:BuildScript:CreateScene () (at Assets/Editor/BuildScript.cs:220)
787:BuildScript:Run () (at Assets/Editor/BuildScript.cs:54)
788:BuildScript:BuildWebGL () (at Assets/Editor/BuildScript.cs:32)
790:(Filename: Assets/Editor/BuildScript.cs Line: 177)
795:BuildScript: BB/Balloon shader
800:BuildScript:ShaderMat (string,string) (at Assets/Editor/BuildScript.cs:177)
801:BuildScript:CreateScene () (at Assets/Editor/BuildScript.cs:221)
802:BuildScript:Run () (at Assets/Editor/BuildScript.cs:54)
803:BuildScript:BuildWebGL () (at Assets/Editor/BuildScript.cs:32)
805:(Filename: Assets/Editor/BuildScript.cs Line: 177)
823:BuildScript: terrain textures True True
828:BuildScript:CreateTerrain () (at Assets/Editor/BuildScript.cs:349)
829:BuildScript:CreateScene () (at Assets/Editor/BuildScript.cs:259)
830:BuildScript:Run () (at Assets/Editor/BuildScript.cs:54)
831:BuildScript:BuildWebGL () (at Assets/Editor/BuildScript.cs:32)
833:(Filename: Assets/Editor/BuildScript.cs Line: 349)
867:BuildScript: scene saved Assets/Scenes/Main.unity
872:BuildScript:CreateScene () (at Assets/Editor/BuildScript.cs:275)
873:BuildScript:Run () (at Assets/Editor/BuildScript.cs:54)
874:BuildScript:BuildWebGL () (at Assets/Editor/BuildScript.cs:32)
876:(Filename: Assets/Editor/BuildScript.cs Line: 275)
1007:BuildScript:Run () (at Assets/Editor/BuildScript.cs:66)
1008:BuildScript:BuildWebGL () (at Assets/Editor/BuildScript.cs:32)
3126: 0.2 kb	 0.0% Packages/com.unity.test-framework/UnityEngine.TestRunner/Assertions/OutOfOrderExpectedLogMessageException.cs
3153: 0.2 kb	 0.0% Packages/com.unity.test-framework/UnityEngine.TestRunner/Assertions/UnexpectedLogMessageException.cs
3187: 0.1 kb	 0.0% Packages/com.unity.test-framework/UnityEngine.TestRunner/Assertions/UnityTestTimeoutException.cs
3188: 0.1 kb	 0.0% Packages/com.unity.test-framework/UnityEngine.TestRunner/Assertions/UnhandledLogMessageException.cs
3189: 0.1 kb	 0.0% Packages/com.unity.test-framework/UnityEngine.TestRunner/Assertions/InvalidSignatureException.cs
3438: 0.1 kb	 0.0% Packages/com.unity.inputsystem/InputSystem/Utilities/ExceptionHelpers.cs
4067:BUILD_RESULT: Succeeded errors=0 warnings=1 size=43476245 time=00:02:06.2077096
4072:BuildScript:Run () (at Assets/Editor/BuildScript.cs:68)
4073:BuildScript:BuildWebGL () (at Assets/Editor/BuildScript.cs:32)
4075:(Filename: Assets/Editor/BuildScript.cs Line: 68)
4077:BUILD_SCRIPT_EXIT: 0
4082:BuildScript:BuildWebGL () (at Assets/Editor/BuildScript.cs:39)
4084:(Filename: Assets/Editor/BuildScript.cs Line: 39)
4092:[Licensing::IpcConnector] LicenseClient-runner-notifications channel disconnected successfully.
4093:[Licensing::IpcConnector] LicenseClient-runner channel disconnected successfully.
4174:[Performance] Application.ReadLicenseInfo                                                                                    :        1 samples, Peak.  11.5 ms (1.0x), Avg.  11.5 ms, Total. 11.52 ms (0.0%)
4606:##utp:{"type":"MemoryLeaks","version":2,"phase":"Immediate","time":1791552297066,"processId":5464,"allocatedMemory":9296290,"memoryLabels":[{"Default":20071},{"Permanent":16353},{"Thread":1083236},{"Manager":19908},{"VertexData":12},{"Geometry":280},{"Texture":328},{"Shader":70831},{"Material":24},{"GfxDevice":36336},{"Animation":360},{"Audio":3976},{"FontEngine":336},{"Physics":513},{"Serialization":732},{"Input":26816},{"JobScheduler":38144},{"Mono":40},{"ScriptingNativeRuntime":191920},{"BaseObject":1628252},{"Resource":1064},{"Renderer":2352},{"Transform":48},{"File":3717},{"WebCam":40},{"Culling":40},{"Terrain":1025},{"Wind":24},{"String":24995},{"DynamicArray":67347},{"HashMap":106458},{"Utility":2659526},{"Curl":1112},{"PoolAlloc":1496},{"AI":72},{"TypeTree":5061},{"ScriptManager":640},{"RuntimeInitializeOnLoadManager":80},{"SpriteAtlas":128},{"GI":3632},{"Director":7928},{"CloudService":3368},{"WebRequest":720},{"VR":45769},{"SceneManager":600},{"Video":72},{"LazyScriptCache":40},{"NativeArray":12},{"Camera":25},{"Secure":5337},{"SerializationCache":1576},{"APIUpdating":11856},{"Subsystems":392},{"VirtualTexturing":57560},{"StaticSafetyDebugInfo":327680},{"EditorGui":56},{"EditorUtility":10367},{"VersionControl":4},{"Undo":736},{"AssetDatabase":2756415},{"RestService":1518},{"EditorGi":376},{"License":3584},{"UnityConnect":25496},{"Collab":641},{"Upm":1856},{"DrivenProperties":96},{"LocalIPC":216},{"ProfilerEditor":10951},{"CoreBusinessMetrics":3638},{"AssetReference":40},{"IPCStream":40}]}
=== editor log tail (400)
[Performance] ShaderImporter.Import                                                                                          :        4 samples, Peak.   224 ms (1.4x), Avg.   156 ms, Total. 623.7 ms (0.4%)
[Performance] EditorApplication.projectChanged: UnityEditor.Audio.MixerEffectDefinitionReloader.OnProjectChanged             :       21 samples, Peak.   740 us (1.8x), Avg.   406 us, Total. 8.523 ms (0.0%)
[Performance] EditorApplication.projectChanged: UnityEngine.InputSystem.LowLevel.NativeInputRuntime.OnProjectChanged         :       21 samples, Peak.   384 us (19.2x), Avg.  20.0 us, Total. 420.1 us (0.0%)
[Performance] BuilderAssetPostprocessor.OnPostprocessAllAssets                                                               :       44 samples, Peak.  4.65 ms (20.1x), Avg.   232 us, Total. 10.19 ms (0.0%)
[Performance] ArtifactBrowserPostProcessor.OnPostprocessAllAssets                                                            :       44 samples, Peak.   610 us (18.9x), Avg.  32.3 us, Total. 1.421 ms (0.0%)
[Performance] AssetEvents.OnPostprocessAllAssets                                                                             :       88 samples, Peak.   221 us (20.0x), Avg.  11.0 us, Total. 972.2 us (0.0%)
[Performance] AudioMixerPostprocessor.OnPostprocessAllAssets                                                                 :       44 samples, Peak.   311 us (17.4x), Avg.  17.9 us, Total. 787.5 us (0.0%)
[Performance] StyleCatalogPostProcessor.OnPostprocessAllAssets                                                               :       44 samples, Peak.  16.7 ms (21.8x), Avg.   769 us, Total. 33.85 ms (0.0%)
[Performance] BuildCatalog                                                                                                   :        1 samples, Peak.  15.7 ms (1.0x), Avg.  15.7 ms, Total. 15.67 ms (0.0%)
[Performance] ModelImporterPostProcessor.OnPostprocessAllAssets                                                              :       44 samples, Peak.  1.55 ms (6.8x), Avg.   227 us, Total. 10.01 ms (0.0%)
[Performance] RetainedModeAssetPostprocessor.OnPostprocessAllAssets                                                          :       44 samples, Peak.  2.19 ms (19.6x), Avg.   112 us, Total. 4.914 ms (0.0%)
[Performance] AssetChangedListener.OnPostprocessAllAssets                                                                    :       44 samples, Peak.  2.36 ms (18.2x), Avg.   129 us, Total. 5.687 ms (0.0%)
[Performance] SpeedTreePostProcessor.OnPostprocessAllAssets                                                                  :       44 samples, Peak.   594 us (16.1x), Avg.  37.0 us, Total. 1.627 ms (0.0%)
[Performance] TextAssetPostProcessor.OnPostprocessAllAssets                                                                  :       44 samples, Peak.  2.63 ms (20.1x), Avg.   131 us, Total. 5.750 ms (0.0%)
[Performance] InputActionAssetPostprocessor.OnPostprocessAllAssets                                                           :       44 samples, Peak.   822 us (17.8x), Avg.  46.1 us, Total. 2.030 ms (0.0%)
[Performance] InputActionJsonNameModifierAssetProcessor.OnPostprocessAllAssets                                               :       44 samples, Peak.   454 us (15.9x), Avg.  28.6 us, Total. 1.260 ms (0.0%)
[Performance] ProjectSettingsPostprocessor.OnPostprocessAllAssets                                                            :       44 samples, Peak.   192 us (13.0x), Avg.  14.8 us, Total. 653.2 us (0.0%)
[Performance] SyncVS.PostprocessSyncProject                                                                                  :       22 samples, Peak.  1.81 ms (21.3x), Avg.  84.9 us, Total. 1.869 ms (0.0%)
[Performance] Application.ImportPackagesAndSetTemplateWhenCreatingProject                                                    :        1 samples, Peak.  12.8 ms (1.0x), Avg.  12.8 ms, Total. 12.84 ms (0.0%)
[Performance] Application.SyncCurrentColorSpace                                                                              :        1 samples, Peak.   311 ns (1.0x), Avg.   311 ns, Total. 311.0 ns (0.0%)
[Performance] Application.OnUsbDevicesChanged                                                                                :        1 samples, Peak.   131 us (1.0x), Avg.   131 us, Total. 131.3 us (0.0%)
[Performance] Application.AssetInstanceCacheUpdate                                                                           :        1 samples, Peak.   251 ns (1.0x), Avg.   251 ns, Total. 251.0 ns (0.0%)
[Performance] Application.UnityExtensions.Initialize                                                                         :        1 samples, Peak.  2.10 ms (1.0x), Avg.  2.10 ms, Total. 2.096 ms (0.0%)
[Performance] CodeEditorProjectSync.SyncEditorProject                                                                        :        1 samples, Peak.  66.9 us (1.0x), Avg.  66.9 us, Total. 66.86 us (0.0%)
[Performance] Application.ExecuteStartups                                                                                    :        1 samples, Peak.  36.6 ms (1.0x), Avg.  36.6 ms, Total. 36.55 ms (0.0%)
[Performance] Menu.RegisterMenuInterface                                                                                     :       26 samples, Peak.   842 ns (4.6x), Avg.   181 ns, Total. 4.713 us (0.0%)
[Performance] Gizmo.RebuildRenderers                                                                                         :        2 samples, Peak.  35.6 ms (1.5x), Avg.  23.9 ms, Total. 47.80 ms (0.0%)
[Performance] Gizmo.AddGizmoRenderers                                                                                        :       98 samples, Peak.  1.62 ms (51.8x), Avg.  31.3 us, Total. 3.065 ms (0.0%)
[Performance] Application.editorInitializingProject                                                                          :        1 samples, Peak.  13.7 ms (1.0x), Avg.  13.7 ms, Total. 13.67 ms (0.0%)
[Performance] Application.InitializeMenu                                                                                     :        1 samples, Peak.  77.8 ms (1.0x), Avg.  77.8 ms, Total. 77.81 ms (0.0%)
[Performance] Menu.RebuildAll                                                                                                :        1 samples, Peak.  77.8 ms (1.0x), Avg.  77.8 ms, Total. 77.79 ms (0.0%)
[Performance] Menu.BuildRegisteredMenuInterfaces                                                                             :        1 samples, Peak.  77.1 ms (1.0x), Avg.  77.1 ms, Total. 77.14 ms (0.0%)
[Performance] Menu.FilterMenuItem                                                                                            :      515 samples, Peak.  28.4 ms (510.1x), Avg.  55.7 us, Total. 28.70 ms (0.0%)
[Performance] UpdateAllMenus                                                                                                 :        1 samples, Peak.   580 us (1.0x), Avg.   580 us, Total. 580.3 us (0.0%)
[Performance] EditorSceneManager.sceneClosing: UnityEditor.SceneVisibilityManager.EditorSceneManagerOnSceneClosing           :        6 samples, Peak.   302 us (5.6x), Avg.  53.9 us, Total. 323.4 us (0.0%)
[Performance] GUIView.RepaintAll.PlayerLoopController                                                                        :        5 samples, Peak.  1.51 us (2.2x), Avg.   699 ns, Total. 3.497 us (0.0%)
[Performance] EditorSceneManager.newSceneCreated: UnityEditor.SceneTemplate.SceneTemplateService.OnNewSceneCreated           :        4 samples, Peak.   269 us (3.9x), Avg.  68.1 us, Total. 272.4 us (0.0%)
[Performance] EditorSceneManager.newSceneCreated: UnityEditor.SceneVisibilityManager.EditorSceneManagerOnNewSceneCreated     :        4 samples, Peak.   194 us (3.5x), Avg.  54.8 us, Total. 219.2 us (0.0%)
[Performance] EditorSceneManager.newSceneCreated: UnityEditor.SceneManagement.StageNavigationManager.OnNewSceneCreated       :        4 samples, Peak.  69.1 us (3.8x), Avg.  18.0 us, Total. 71.92 us (0.0%)
[Performance] Application.InvokeFinishedLoadingProject                                                                       :        1 samples, Peak.  3.39 ms (1.0x), Avg.  3.39 ms, Total. 3.386 ms (0.0%)
[Performance] ProcessService.OnProjectLoaded                                                                                 :        1 samples, Peak.   195 us (1.0x), Avg.   195 us, Total. 194.7 us (0.0%)
[Performance] AssetDatabase.ImportAsset                                                                                      :        6 samples, Peak.  62.6 ms (2.9x), Avg.  21.7 ms, Total. 130.2 ms (0.1%)
[Performance] EditorSceneManager.sceneSaving: UnityEditor.SceneTemplate.SceneTemplateService.OnSceneSaving                   :        1 samples, Peak.   257 us (1.0x), Avg.   257 us, Total. 257.0 us (0.0%)
[Performance] EditorSceneManager.sceneSaving: UnityEditor.SceneVisibilityManager.EditorSceneManagerOnSceneSaving             :        1 samples, Peak.   114 us (1.0x), Avg.   114 us, Total. 113.9 us (0.0%)
[Performance] EditorSceneManager.sceneSaved: UnityEditor.SceneTemplate.SceneTemplateService.OnSceneSaved                     :        1 samples, Peak.  22.5 ms (1.0x), Avg.  22.5 ms, Total. 22.54 ms (0.0%)
[Performance] EditorSceneManager.sceneSaved: UnityEditor.SceneVisibilityManager.EditorSceneManagerOnSceneSaved               :        1 samples, Peak.   120 us (1.0x), Avg.   120 us, Total. 119.6 us (0.0%)
[Performance] Inspector.InitOrRebuild                                                                                        :        3 samples, Peak.   314 us (1.1x), Avg.   298 us, Total. 894.0 us (0.0%)
[Performance] GenerateAssemblyTypeInfos                                                                                      :        2 samples, Peak.  17.5 ms (1.2x), Avg.  14.1 ms, Total. 28.22 ms (0.0%)
[Performance] AssetDatabase.Refresh                                                                                          :        1 samples, Peak.  19.8 ms (1.0x), Avg.  19.8 ms, Total. 19.82 ms (0.0%)
[Performance] EditorSceneManager.sceneOpened: UnityEditor.SceneTemplate.SceneTemplateService.OnSceneOpened                   :        1 samples, Peak.   228 us (1.0x), Avg.   228 us, Total. 228.3 us (0.0%)
[Performance] EditorSceneManager.sceneOpened: UnityEditor.SceneVisibilityManager.EditorSceneManagerOnSceneOpened             :        1 samples, Peak.   196 us (1.0x), Avg.   196 us, Total. 196.1 us (0.0%)
[Performance] EditorSceneManager.sceneOpened: UnityEditor.SceneManagement.StageNavigationManager.OnSceneOpened               :        1 samples, Peak.  61.2 us (1.0x), Avg.  61.2 us, Total. 61.21 us (0.0%)
[Performance] UnityBuildPostprocessor.OnProcessScene                                                                         :        1 samples, Peak.   523 us (1.0x), Avg.   523 us, Total. 523.4 us (0.0%)
[Performance] Application.Shutdown.SaveDefaultWindowPreferences                                                              :        1 samples, Peak.  60.5 us (1.0x), Avg.  60.5 us, Total. 60.51 us (0.0%)
[Performance] Application.Shutdown.SaveSceneManagerSetup                                                                     :        1 samples, Peak.   250 us (1.0x), Avg.   250 us, Total. 249.7 us (0.0%)
[Performance] Application.Shutdown.CleanupAllContainerWindows                                                                :        1 samples, Peak.   511 ns (1.0x), Avg.   511 ns, Total. 511.0 ns (0.0%)
[Performance] EditorApplication.quitting: Unity.Burst.Editor.BurstLoader.OnEditorApplicationQuitting                         :        1 samples, Peak.  36.0 us (1.0x), Avg.  36.0 us, Total. 35.97 us (0.0%)
[Performance] EditorApplication.quitting: callback in UnityEditor.TextCore.Text.EditorEventCallbacks                         :        1 samples, Peak.  11.9 ms (1.0x), Avg.  11.9 ms, Total. 11.87 ms (0.0%)
[Performance] EditorApplication.quitting: UnityEditor.WebGL.WebsockifyEditorWrapper.Kill                                     :        1 samples, Peak.   769 us (1.0x), Avg.   769 us, Total. 768.8 us (0.0%)
[Performance] Application.Shutdown.PauseProfilerSession                                                                      :        1 samples, Peak.  31.4 us (1.0x), Avg.  31.4 us, Total. 31.40 us (0.0%)
[Performance] Application.Shutdown.PauseAssetImportWorkers                                                                   :        1 samples, Peak.   142 us (1.0x), Avg.   142 us, Total. 141.7 us (0.0%)
[Performance] Application.Shutdown.SaveAssets                                                                                :        1 samples, Peak.  1.78 ms (1.0x), Avg.  1.78 ms, Total. 1.782 ms (0.0%)
[Performance] Application.Shutdown.CleanupRenderPipeline                                                                     :        1 samples, Peak.  3.20 us (1.0x), Avg.  3.20 us, Total. 3.196 us (0.0%)
[Performance] Application.Shutdown.StopPreloadManager                                                                        :        1 samples, Peak.  10.1 ms (1.0x), Avg.  10.1 ms, Total. 10.08 ms (0.0%)
[Performance] Application.Shutdown.DestroyWorld                                                                              :        1 samples, Peak.   431 us (1.0x), Avg.   431 us, Total. 430.6 us (0.0%)
[Performance] Application.Shutdown.CleanupAfterLoad                                                                          :        1 samples, Peak.   111 ms (1.0x), Avg.   111 ms, Total. 110.5 ms (0.1%)
[Performance] Application.Shutdown.Progress                                                                                  :        1 samples, Peak.  23.2 us (1.0x), Avg.  23.2 us, Total. 23.24 us (0.0%)
[Performance] Application.Shutdown.GICleanupManagers                                                                         :        1 samples, Peak.   686 us (1.0x), Avg.   686 us, Total. 685.9 us (0.0%)
[Performance] Application.Shutdown.MenuCleanupClass                                                                          :        1 samples, Peak.   194 us (1.0x), Avg.   194 us, Total. 194.5 us (0.0%)
[Performance] Application.Shutdown.ADBSaveStateBeforeShutdown                                                                :        1 samples, Peak.  8.90 us (1.0x), Avg.  8.90 us, Total. 8.897 us (0.0%)
[Performance] Application.Shutdown.RemoteShutdown                                                                            :        1 samples, Peak.  1.85 us (1.0x), Avg.  1.85 us, Total. 1.853 us (0.0%)
[Performance] Application.Shutdown.CleanupVCProvider                                                                         :        1 samples, Peak.  11.7 us (1.0x), Avg.  11.7 us, Total. 11.66 us (0.0%)
[Performance] Application.Shutdown.InputShutdown                                                                             :        1 samples, Peak.  1.49 us (1.0x), Avg.  1.49 us, Total. 1.493 us (0.0%)
[Performance] Application.Shutdown.GizmoManagerDestroy                                                                       :        1 samples, Peak.   300 us (1.0x), Avg.   300 us, Total. 299.5 us (0.0%)
[Performance] Application.Shutdown.ProfilerSession                                                                           :        1 samples, Peak.   137 us (1.0x), Avg.   137 us, Total. 136.8 us (0.0%)
[Performance] Application.Shutdown.ReleaseGfxWindowOnAllGUIViews                                                             :        1 samples, Peak.  1.38 us (1.0x), Avg.  1.38 us, Total. 1.383 us (0.0%)
[Performance] Application.Shutdown.CleanupEngine                                                                             :        1 samples, Peak.  47.6 ms (1.0x), Avg.  47.6 ms, Total. 47.58 ms (0.0%)
[Performance] Application.Shutdown.CleanupAssetDatabase                                                                      :        1 samples, Peak.  2.39 ms (1.0x), Avg.  2.39 ms, Total. 2.394 ms (0.0%)
[Performance] Application.Shutdown.ScriptCompilationCleanUp                                                                  :        1 samples, Peak.   399 ms (1.0x), Avg.   399 ms, Total. 399.1 ms (0.2%)
[Performance] Application.Shutdown.DestroyJobSystem                                                                          :        1 samples, Peak.   155 us (1.0x), Avg.   155 us, Total. 155.0 us (0.0%)
[Performance] Application.Shutdown.CleanupPersistentManager                                                                  :        1 samples, Peak.  1.41 ms (1.0x), Avg.  1.41 ms, Total. 1.408 ms (0.0%)
[Performance] Application.Shutdown.CleanupAsyncReadManager                                                                   :        1 samples, Peak.   127 us (1.0x), Avg.   127 us, Total. 126.8 us (0.0%)
[Performance] Application.Shutdown.CleanupMono                                                                               :        1 samples, Peak.  85.0 ms (1.0x), Avg.  85.0 ms, Total. 84.99 ms (0.1%)
[Performance] Application.Shutdown.CleanupStdConverters                                                                      :        1 samples, Peak.  12.1 us (1.0x), Avg.  12.1 us, Total. 12.09 us (0.0%)
[Performance] Application.Shutdown.UnloadAllPlatformSupportModuleNativeDlls                                                  :        1 samples, Peak.   752 ns (1.0x), Avg.   752 ns, Total. 752.0 ns (0.0%)
[Performance] Application.Shutdown.UnloadAllPlatformSupportNativeLibraries                                                   :        1 samples, Peak.   211 ns (1.0x), Avg.   211 ns, Total. 211.0 ns (0.0%)
[Performance] Application.Shutdown.CleanupAutoDocumentation                                                                  :        1 samples, Peak.   279 us (1.0x), Avg.   279 us, Total. 278.9 us (0.0%)
[Performance] Application.Shutdown.ShaderNameManagerDestroy                                                                  :        1 samples, Peak.  46.4 us (1.0x), Avg.  46.4 us, Total. 46.38 us (0.0%)
[Performance] Application.Shutdown.CleanupCacheServer                                                                        :        1 samples, Peak.   311 ns (1.0x), Avg.   311 ns, Total. 311.0 ns (0.0%)
[Performance] Application.Shutdown.Virtualization_Shutdown                                                                   :        1 samples, Peak.   381 ns (1.0x), Avg.   381 ns, Total. 381.0 ns (0.0%)
[Performance] Application.Shutdown.DevConnections                                                                            :        1 samples, Peak.  79.1 us (1.0x), Avg.  79.1 us, Total. 79.12 us (0.0%)
[Package Manager] Server::Kill -- Server was shutdown
Checking for leaked weakptr:
  Found no leaked weakptrs.
Memory Statistics:
[ALLOC_TEMP_TLS] TLS Allocator
  StackAllocators : 
    [ALLOC_TEMP_CurlRequest]
      Initial Block Size 64.0 KB
      Current Block Size 64.0 KB
      Peak Allocated Bytes 0 B
      Overflow Count 0
    [ALLOC_TEMP_MAIN]
      Initial Block Size 16.0 MB
      Current Block Size 47.9 MB
      Peak Allocated Bytes 43.3 MB
      Overflow Count 0
    [ALLOC_TEMP_Background Job.Worker 8]
      Initial Block Size 32.0 KB
      Current Block Size 32.0 KB
      Peak Allocated Bytes 0.5 KB
      Overflow Count 0
    [ALLOC_TEMP_Background Job.Worker 10]
      Initial Block Size 32.0 KB
      Current Block Size 32.0 KB
      Peak Allocated Bytes 0.5 KB
      Overflow Count 0
    [ALLOC_TEMP_Background Job.Worker 6]
      Initial Block Size 32.0 KB
      Current Block Size 32.0 KB
      Peak Allocated Bytes 0.5 KB
      Overflow Count 0
    [ALLOC_TEMP_AUDIO_FMOD mixer thread]
      Initial Block Size 64.0 KB
      Current Block Size 64.0 KB
      Peak Allocated Bytes 0 B
      Overflow Count 0
    [ALLOC_TEMP_Background Job.Worker 1]
      Initial Block Size 32.0 KB
      Current Block Size 256.0 KB
      Peak Allocated Bytes 211.3 KB
      Overflow Count 1938
    [ALLOC_TEMP_Background Job.Worker 11]
      Initial Block Size 32.0 KB
      Current Block Size 32.0 KB
      Peak Allocated Bytes 0.5 KB
      Overflow Count 0
    [ALLOC_TEMP_Background Job.Worker 3]
      Initial Block Size 32.0 KB
      Current Block Size 32.0 KB
      Peak Allocated Bytes 0.5 KB
      Overflow Count 0
    [ALLOC_TEMP_BatchDeleteObjects]
      Initial Block Size 64.0 KB
      Current Block Size 64.0 KB
      Peak Allocated Bytes 0 B
      Overflow Count 0
    [ALLOC_TEMP_AUDIO_FMOD stream thread]
      Initial Block Size 64.0 KB
      Current Block Size 64.0 KB
      Peak Allocated Bytes 0 B
      Overflow Count 0
    [ALLOC_TEMP_CoreBusinessMetricsCache]
      Initial Block Size 64.0 KB
      Current Block Size 64.0 KB
      Peak Allocated Bytes 8.0 KB
      Overflow Count 0
    [ALLOC_TEMP_REST Message Handler]
      Initial Block Size 64.0 KB
      Current Block Size 64.0 KB
      Peak Allocated Bytes 0 B
      Overflow Count 0
    [ALLOC_TEMP_AssetDatabase.IOService]
      Initial Block Size 64.0 KB
      Current Block Size 64.0 KB
      Peak Allocated Bytes 0 B
      Overflow Count 0
    [ALLOC_TEMP_BakingJobs.Worker 2]
      Initial Block Size 256.0 KB
      Current Block Size 256.0 KB
      Peak Allocated Bytes 0 B
      Overflow Count 0
    [ALLOC_TEMP_Background Job.Worker 2]
      Initial Block Size 32.0 KB
      Current Block Size 180.0 KB
      Peak Allocated Bytes 177.9 KB
      Overflow Count 0
    [ALLOC_TEMP_Background Job.Worker 7]
      Initial Block Size 32.0 KB
      Current Block Size 32.0 KB
      Peak Allocated Bytes 0.5 KB
      Overflow Count 0
    [ALLOC_TEMP_Background Job.Worker 15]
      Initial Block Size 32.0 KB
      Current Block Size 32.0 KB
      Peak Allocated Bytes 0.5 KB
      Overflow Count 0
    [ALLOC_TEMP_Job.Worker 1]
      Initial Block Size 256.0 KB
      Current Block Size 1.0 MB
      Peak Allocated Bytes 1.0 MB
      Overflow Count 1
    [ALLOC_TEMP_BakingJobs.Worker 0]
      Initial Block Size 256.0 KB
      Current Block Size 256.0 KB
      Peak Allocated Bytes 0 B
      Overflow Count 0
    [ALLOC_TEMP_BakingJobs.Worker 3]
      Initial Block Size 256.0 KB
      Current Block Size 256.0 KB
      Peak Allocated Bytes 0 B
      Overflow Count 0
    [ALLOC_TEMP_Loading.PreloadManager]
      Initial Block Size 32.0 MB
      Current Block Size 32.0 MB
      Peak Allocated Bytes 2.1 MB
      Overflow Count 0
    [ALLOC_TEMP_EditorTaskManager]
      Initial Block Size 64.0 KB
      Current Block Size 68.0 KB
      Peak Allocated Bytes 64.0 KB
      Overflow Count 0
    [ALLOC_TEMP_Profiler.Dispatcher]
      Initial Block Size 64.0 KB
      Current Block Size 64.0 KB
      Peak Allocated Bytes 0 B
      Overflow Count 0
    [ALLOC_TEMP_Background Job.Worker 12]
      Initial Block Size 32.0 KB
      Current Block Size 32.0 KB
      Peak Allocated Bytes 0.5 KB
      Overflow Count 0
    [ALLOC_TEMP_HTTP REST Server]
      Initial Block Size 64.0 KB
      Current Block Size 64.0 KB
      Peak Allocated Bytes 73 B
      Overflow Count 0
    [ALLOC_TEMP_AssetGarbageCollectorHelper] x 3
      Initial Block Size 64.0 KB
      Current Block Size 64.0 KB
      Peak Allocated Bytes 0 B
      Overflow Count 0
    [ALLOC_TEMP_Background Job.Worker 5]
      Initial Block Size 32.0 KB
      Current Block Size 32.0 KB
      Peak Allocated Bytes 0.5 KB
      Overflow Count 0
    [ALLOC_TEMP_Background Job.Worker 13]
      Initial Block Size 32.0 KB
      Current Block Size 32.0 KB
      Peak Allocated Bytes 0.5 KB
      Overflow Count 0
    [ALLOC_TEMP_Job.Worker 2]
      Initial Block Size 256.0 KB
      Current Block Size 1.0 MB
      Peak Allocated Bytes 1.0 MB
      Overflow Count 0
    [ALLOC_TEMP_Background Job.Worker 0]
      Initial Block Size 32.0 KB
      Current Block Size 32.0 KB
      Peak Allocated Bytes 0.5 KB
      Overflow Count 0
    [ALLOC_TEMP_Background Job.Worker 4]
      Initial Block Size 32.0 KB
      Current Block Size 32.0 KB
      Peak Allocated Bytes 0.5 KB
      Overflow Count 0
    [ALLOC_TEMP_Job.Worker 0]
      Initial Block Size 256.0 KB
      Current Block Size 1.0 MB
      Peak Allocated Bytes 1.0 MB
      Overflow Count 0
    [ALLOC_TEMP_Background Job.Worker 9]
      Initial Block Size 32.0 KB
      Current Block Size 32.0 KB
      Peak Allocated Bytes 0.5 KB
      Overflow Count 0
    [ALLOC_TEMP_Background Job.Worker 14]
      Initial Block Size 32.0 KB
      Current Block Size 32.0 KB
      Peak Allocated Bytes 0.5 KB
      Overflow Count 0
    [ALLOC_TEMP_EnlightenWorker]
      Initial Block Size 64.0 KB
      Current Block Size 64.0 KB
      Peak Allocated Bytes 0 B
      Overflow Count 0
    [ALLOC_TEMP_BakingJobs.Worker 1]
      Initial Block Size 256.0 KB
      Current Block Size 256.0 KB
      Peak Allocated Bytes 316 B
      Overflow Count 0
    [ALLOC_TEMP_CloudJob.Worker 0]
      Initial Block Size 32.0 KB
      Current Block Size 32.0 KB
      Peak Allocated Bytes 3.4 KB
      Overflow Count 0
    [ALLOC_TEMP_Loading.AsyncRead]
      Initial Block Size 64.0 KB
      Current Block Size 64.0 KB
      Peak Allocated Bytes 128 B
      Overflow Count 0
[ALLOC_MEMORYPROFILER]
  Requested Block Size 1.0 MB
  Peak Block count 1
  Peak Allocated memory 276.1 KB
  Peak Large allocation bytes 0 B
[ALLOC_DEFAULT] Dual Thread Allocator
  Peak main deferred allocation count 68
    [ALLOC_BUCKET]
      Large Block size 32.0 MB
      Used Block count 1
      Peak Allocated bytes 6.4 MB
    [ALLOC_DEFAULT_MAIN]
      Requested Block Size 16.0 MB
      Peak Block count 7
      Peak Allocated memory 169.1 MB
      Peak Large allocation bytes 72.2 MB
    [ALLOC_DEFAULT_THREAD]
      Requested Block Size 16.0 MB
      Peak Block count 1
      Peak Allocated memory 4.6 MB
      Peak Large allocation bytes 0 B
[ALLOC_TEMP_JOB_1_FRAME]
  Initial Block Size 2.0 MB
  Used Block Count 0
  Overflow Count (too large) 0
  Overflow Count (full) 0
[ALLOC_TEMP_JOB_2_FRAMES]
  Initial Block Size 2.0 MB
  Used Block Count 0
  Overflow Count (too large) 0
  Overflow Count (full) 0
[ALLOC_TEMP_JOB_4_FRAMES (JobTemp)]
  Initial Block Size 2.0 MB
  Used Block Count 1
  Overflow Count (too large) 0
  Overflow Count (full) 0
[ALLOC_TEMP_JOB_ASYNC (Background)]
  Initial Block Size 1.0 MB
  Used Block Count 1
  Overflow Count (too large) 0
  Overflow Count (full) 0
[ALLOC_GFX] Dual Thread Allocator
  Peak main deferred allocation count 40
    [ALLOC_BUCKET]
      Large Block size 32.0 MB
      Used Block count 1
      Peak Allocated bytes 6.4 MB
    [ALLOC_GFX_MAIN]
      Requested Block Size 16.0 MB
      Peak Block count 1
      Peak Allocated memory 13.0 MB
      Peak Large allocation bytes 0 B
    [ALLOC_GFX_THREAD]
      Requested Block Size 16.0 MB
      Peak Block count 1
      Peak Allocated memory 384 B
      Peak Large allocation bytes 0 B
[ALLOC_CACHEOBJECTS] Dual Thread Allocator
  Peak main deferred allocation count 757
    [ALLOC_BUCKET]
      Large Block size 32.0 MB
      Used Block count 1
      Peak Allocated bytes 6.4 MB
    [ALLOC_CACHEOBJECTS_MAIN]
      Requested Block Size 4.0 MB
      Peak Block count 8
      Peak Allocated memory 30.9 MB
      Peak Large allocation bytes 17.4 MB
    [ALLOC_CACHEOBJECTS_THREAD]
      Requested Block Size 4.0 MB
      Peak Block count 1
      Peak Allocated memory 132.2 KB
      Peak Large allocation bytes 0 B
[ALLOC_TYPETREE] Dual Thread Allocator
  Peak main deferred allocation count 628
    [ALLOC_BUCKET]
      Large Block size 32.0 MB
      Used Block count 1
      Peak Allocated bytes 6.4 MB
    [ALLOC_TYPETREE_MAIN]
      Requested Block Size 2.0 MB
      Peak Block count 5
      Peak Allocated memory 7.8 MB
      Peak Large allocation bytes 0 B
    [ALLOC_TYPETREE_THREAD]
      Requested Block Size 2.0 MB
      Peak Block count 1
      Peak Allocated memory 56.3 KB
      Peak Large allocation bytes 0 B
[ALLOC_PROFILER]
  Requested Block Size 16.0 MB
  Peak Block count 1
  Peak Allocated memory 465.5 KB
  Peak Large allocation bytes 0 B
    [ALLOC_PROFILER_BUCKET]
      Large Block size 32.0 MB
      Used Block count 1
      Peak Allocated bytes 4.2 KB
[ALLOC_PROFILER_EDITOR]
  Requested Block Size 1.0 MB
  Peak Block count 0
  Peak Allocated memory 0 B
  Peak Large allocation bytes 0 B
    [ALLOC_PROFILER_BUCKET]
      Large Block size 32.0 MB
      Used Block count 1
      Peak Allocated bytes 4.2 KB
##utp:{"type":"MemoryLeaks","version":2,"phase":"Immediate","time":1791552297066,"processId":5464,"allocatedMemory":9296290,"memoryLabels":[{"Default":20071},{"Permanent":16353},{"Thread":1083236},{"Manager":19908},{"VertexData":12},{"Geometry":280},{"Texture":328},{"Shader":70831},{"Material":24},{"GfxDevice":36336},{"Animation":360},{"Audio":3976},{"FontEngine":336},{"Physics":513},{"Serialization":732},{"Input":26816},{"JobScheduler":38144},{"Mono":40},{"ScriptingNativeRuntime":191920},{"BaseObject":1628252},{"Resource":1064},{"Renderer":2352},{"Transform":48},{"File":3717},{"WebCam":40},{"Culling":40},{"Terrain":1025},{"Wind":24},{"String":24995},{"DynamicArray":67347},{"HashMap":106458},{"Utility":2659526},{"Curl":1112},{"PoolAlloc":1496},{"AI":72},{"TypeTree":5061},{"ScriptManager":640},{"RuntimeInitializeOnLoadManager":80},{"SpriteAtlas":128},{"GI":3632},{"Director":7928},{"CloudService":3368},{"WebRequest":720},{"VR":45769},{"SceneManager":600},{"Video":72},{"LazyScriptCache":40},{"NativeArray":12},{"Camera":25},{"Secure":5337},{"SerializationCache":1576},{"APIUpdating":11856},{"Subsystems":392},{"VirtualTexturing":57560},{"StaticSafetyDebugInfo":327680},{"EditorGui":56},{"EditorUtility":10367},{"VersionControl":4},{"Undo":736},{"AssetDatabase":2756415},{"RestService":1518},{"EditorGi":376},{"License":3584},{"UnityConnect":25496},{"Collab":641},{"Upm":1856},{"DrivenProperties":96},{"LocalIPC":216},{"ProfilerEditor":10951},{"CoreBusinessMetrics":3638},{"AssetReference":40},{"IPCStream":40}]}
